Archive member included to satisfy reference by file (symbol)

c:/st/stm32cubeide_1.11.2/stm32cubeide/plugins/com.st.stm32cube.ide.mcu.externaltools.gnu-tools-for-stm32.10.3-2021.10.win32_1.0.100.202210260954/tools/bin/../lib/gcc/arm-none-eabi/10.3.1/../../../../arm-none-eabi/lib/thumb/v6-m/nofp\libc_nano.a(lib_a-errno.o)
                              ./Core/Src/syscalls.o (__errno)
c:/st/stm32cubeide_1.11.2/stm32cubeide/plugins/com.st.stm32cube.ide.mcu.externaltools.gnu-tools-for-stm32.10.3-2021.10.win32_1.0.100.202210260954/tools/bin/../lib/gcc/arm-none-eabi/10.3.1/../../../../arm-none-eabi/lib/thumb/v6-m/nofp\libc_nano.a(lib_a-exit.o)
                              c:/st/stm32cubeide_1.11.2/stm32cubeide/plugins/com.st.stm32cube.ide.mcu.externaltools.gnu-tools-for-stm32.10.3-2021.10.win32_1.0.100.202210260954/tools/bin/../lib/gcc/arm-none-eabi/10.3.1/../../../../arm-none-eabi/lib/thumb/v6-m/nofp/crt0.o (exit)
c:/st/stm32cubeide_1.11.2/stm32cubeide/plugins/com.st.stm32cube.ide.mcu.externaltools.gnu-tools-for-stm32.10.3-2021.10.win32_1.0.100.202210260954/tools/bin/../lib/gcc/arm-none-eabi/10.3.1/../../../../arm-none-eabi/lib/thumb/v6-m/nofp\libc_nano.a(lib_a-impure.o)
                              c:/st/stm32cubeide_1.11.2/stm32cubeide/plugins/com.st.stm32cube.ide.mcu.externaltools.gnu-tools-for-stm32.10.3-2021.10.win32_1.0.100.202210260954/tools/bin/../lib/gcc/arm-none-eabi/10.3.1/../../../../arm-none-eabi/lib/thumb/v6-m/nofp\libc_nano.a(lib_a-exit.o) (_global_impure_ptr)
c:/st/stm32cubeide_1.11.2/stm32cubeide/plugins/com.st.stm32cube.ide.mcu.externaltools.gnu-tools-for-stm32.10.3-2021.10.win32_1.0.100.202210260954/tools/bin/../lib/gcc/arm-none-eabi/10.3.1/../../../../arm-none-eabi/lib/thumb/v6-m/nofp\libc_nano.a(lib_a-init.o)
                              c:/st/stm32cubeide_1.11.2/stm32cubeide/plugins/com.st.stm32cube.ide.mcu.externaltools.gnu-tools-for-stm32.10.3-2021.10.win32_1.0.100.202210260954/tools/bin/../lib/gcc/arm-none-eabi/10.3.1/../../../../arm-none-eabi/lib/thumb/v6-m/nofp/crt0.o (__libc_init_array)
c:/st/stm32cubeide_1.11.2/stm32cubeide/plugins/com.st.stm32cube.ide.mcu.externaltools.gnu-tools-for-stm32.10.3-2021.10.win32_1.0.100.202210260954/tools/bin/../lib/gcc/arm-none-eabi/10.3.1/../../../../arm-none-eabi/lib/thumb/v6-m/nofp\libc_nano.a(lib_a-memset.o)
                              c:/st/stm32cubeide_1.11.2/stm32cubeide/plugins/com.st.stm32cube.ide.mcu.externaltools.gnu-tools-for-stm32.10.3-2021.10.win32_1.0.100.202210260954/tools/bin/../lib/gcc/arm-none-eabi/10.3.1/../../../../arm-none-eabi/lib/thumb/v6-m/nofp/crt0.o (memset)
c:/st/stm32cubeide_1.11.2/stm32cubeide/plugins/com.st.stm32cube.ide.mcu.externaltools.gnu-tools-for-stm32.10.3-2021.10.win32_1.0.100.202210260954/tools/bin/../lib/gcc/arm-none-eabi/10.3.1/thumb/v6-m/nofp\libgcc.a(_thumb1_case_uqi.o)
                              ./Core/Src/dice.o (__gnu_thumb1_case_uqi)
c:/st/stm32cubeide_1.11.2/stm32cubeide/plugins/com.st.stm32cube.ide.mcu.externaltools.gnu-tools-for-stm32.10.3-2021.10.win32_1.0.100.202210260954/tools/bin/../lib/gcc/arm-none-eabi/10.3.1/thumb/v6-m/nofp\libgcc.a(_udivsi3.o)
                              ./Drivers/STM32C0xx_HAL_Driver/Src/stm32c0xx_hal.o (__aeabi_uidiv)
c:/st/stm32cubeide_1.11.2/stm32cubeide/plugins/com.st.stm32cube.ide.mcu.externaltools.gnu-tools-for-stm32.10.3-2021.10.win32_1.0.100.202210260954/tools/bin/../lib/gcc/arm-none-eabi/10.3.1/thumb/v6-m/nofp\libgcc.a(_divsi3.o)
                              ./Drivers/STM32C0xx_HAL_Driver/Src/stm32c0xx_hal_rcc_ex.o (__aeabi_idiv)
c:/st/stm32cubeide_1.11.2/stm32cubeide/plugins/com.st.stm32cube.ide.mcu.externaltools.gnu-tools-for-stm32.10.3-2021.10.win32_1.0.100.202210260954/tools/bin/../lib/gcc/arm-none-eabi/10.3.1/thumb/v6-m/nofp\libgcc.a(_dvmd_tls.o)
                              c:/st/stm32cubeide_1.11.2/stm32cubeide/plugins/com.st.stm32cube.ide.mcu.externaltools.gnu-tools-for-stm32.10.3-2021.10.win32_1.0.100.202210260954/tools/bin/../lib/gcc/arm-none-eabi/10.3.1/thumb/v6-m/nofp\libgcc.a(_udivsi3.o) (__aeabi_idiv0)

Discarded input sections

 .text          0x0000000000000000        0x0 c:/st/stm32cubeide_1.11.2/stm32cubeide/plugins/com.st.stm32cube.ide.mcu.externaltools.gnu-tools-for-stm32.10.3-2021.10.win32_1.0.100.202210260954/tools/bin/../lib/gcc/arm-none-eabi/10.3.1/thumb/v6-m/nofp/crti.o
 .data          0x0000000000000000        0x0 c:/st/stm32cubeide_1.11.2/stm32cubeide/plugins/com.st.stm32cube.ide.mcu.externaltools.gnu-tools-for-stm32.10.3-2021.10.win32_1.0.100.202210260954/tools/bin/../lib/gcc/arm-none-eabi/10.3.1/thumb/v6-m/nofp/crti.o
 .bss           0x0000000000000000        0x0 c:/st/stm32cubeide_1.11.2/stm32cubeide/plugins/com.st.stm32cube.ide.mcu.externaltools.gnu-tools-for-stm32.10.3-2021.10.win32_1.0.100.202210260954/tools/bin/../lib/gcc/arm-none-eabi/10.3.1/thumb/v6-m/nofp/crti.o
 .data          0x0000000000000000        0x4 c:/st/stm32cubeide_1.11.2/stm32cubeide/plugins/com.st.stm32cube.ide.mcu.externaltools.gnu-tools-for-stm32.10.3-2021.10.win32_1.0.100.202210260954/tools/bin/../lib/gcc/arm-none-eabi/10.3.1/thumb/v6-m/nofp/crtbegin.o
 .rodata        0x0000000000000000       0x24 c:/st/stm32cubeide_1.11.2/stm32cubeide/plugins/com.st.stm32cube.ide.mcu.externaltools.gnu-tools-for-stm32.10.3-2021.10.win32_1.0.100.202210260954/tools/bin/../lib/gcc/arm-none-eabi/10.3.1/thumb/v6-m/nofp/crtbegin.o
 .text          0x0000000000000000       0x80 c:/st/stm32cubeide_1.11.2/stm32cubeide/plugins/com.st.stm32cube.ide.mcu.externaltools.gnu-tools-for-stm32.10.3-2021.10.win32_1.0.100.202210260954/tools/bin/../lib/gcc/arm-none-eabi/10.3.1/../../../../arm-none-eabi/lib/thumb/v6-m/nofp/crt0.o
 .data          0x0000000000000000        0x0 c:/st/stm32cubeide_1.11.2/stm32cubeide/plugins/com.st.stm32cube.ide.mcu.externaltools.gnu-tools-for-stm32.10.3-2021.10.win32_1.0.100.202210260954/tools/bin/../lib/gcc/arm-none-eabi/10.3.1/../../../../arm-none-eabi/lib/thumb/v6-m/nofp/crt0.o
 .bss           0x0000000000000000        0x0 c:/st/stm32cubeide_1.11.2/stm32cubeide/plugins/com.st.stm32cube.ide.mcu.externaltools.gnu-tools-for-stm32.10.3-2021.10.win32_1.0.100.202210260954/tools/bin/../lib/gcc/arm-none-eabi/10.3.1/../../../../arm-none-eabi/lib/thumb/v6-m/nofp/crt0.o
 .ARM.extab     0x0000000000000000        0x0 c:/st/stm32cubeide_1.11.2/stm32cubeide/plugins/com.st.stm32cube.ide.mcu.externaltools.gnu-tools-for-stm32.10.3-2021.10.win32_1.0.100.202210260954/tools/bin/../lib/gcc/arm-none-eabi/10.3.1/../../../../arm-none-eabi/lib/thumb/v6-m/nofp/crt0.o
 .ARM.exidx     0x0000000000000000       0x10 c:/st/stm32cubeide_1.11.2/stm32cubeide/plugins/com.st.stm32cube.ide.mcu.externaltools.gnu-tools-for-stm32.10.3-2021.10.win32_1.0.100.202210260954/tools/bin/../lib/gcc/arm-none-eabi/10.3.1/../../../../arm-none-eabi/lib/thumb/v6-m/nofp/crt0.o
 .ARM.attributes
                0x0000000000000000       0x1b c:/st/stm32cubeide_1.11.2/stm32cubeide/plugins/com.st.stm32cube.ide.mcu.externaltools.gnu-tools-for-stm32.10.3-2021.10.win32_1.0.100.202210260954/tools/bin/../lib/gcc/arm-none-eabi/10.3.1/../../../../arm-none-eabi/lib/thumb/v6-m/nofp/crt0.o
 .text          0x0000000000000000        0x0 ./Core/Src/dice.o
 .data          0x0000000000000000        0x0 ./Core/Src/dice.o
 .bss           0x0000000000000000        0x0 ./Core/Src/dice.o
 .text          0x0000000000000000        0x0 ./Core/Src/main.o
 .data          0x0000000000000000        0x0 ./Core/Src/main.o
 .bss           0x0000000000000000        0x0 ./Core/Src/main.o
 .text          0x0000000000000000        0x0 ./Core/Src/stm32c0xx_hal_msp.o
 .data          0x0000000000000000        0x0 ./Core/Src/stm32c0xx_hal_msp.o
 .bss           0x0000000000000000        0x0 ./Core/Src/stm32c0xx_hal_msp.o
 .text.HAL_ADC_MspDeInit
                0x0000000000000000       0x30 ./Core/Src/stm32c0xx_hal_msp.o
 .text          0x0000000000000000        0x0 ./Core/Src/stm32c0xx_it.o
 .data          0x0000000000000000        0x0 ./Core/Src/stm32c0xx_it.o
 .bss           0x0000000000000000        0x0 ./Core/Src/stm32c0xx_it.o
 .text          0x0000000000000000        0x0 ./Core/Src/syscalls.o
 .data          0x0000000000000000        0x0 ./Core/Src/syscalls.o
 .bss           0x0000000000000000        0x0 ./Core/Src/syscalls.o
 .text.initialise_monitor_handles
                0x0000000000000000        0x2 ./Core/Src/syscalls.o
 .text._getpid  0x0000000000000000        0x4 ./Core/Src/syscalls.o
 .text._kill    0x0000000000000000       0x10 ./Core/Src/syscalls.o
 .text._exit    0x0000000000000000        0xc ./Core/Src/syscalls.o
 .text._read    0x0000000000000000       0x1a ./Core/Src/syscalls.o
 .text._write   0x0000000000000000       0x1a ./Core/Src/syscalls.o
 .text._close   0x0000000000000000        0x6 ./Core/Src/syscalls.o
 .text._fstat   0x0000000000000000        0xa ./Core/Src/syscalls.o
 .text._isatty  0x0000000000000000        0x4 ./Core/Src/syscalls.o
 .text._lseek   0x0000000000000000        0x4 ./Core/Src/syscalls.o
 .text._open    0x0000000000000000        0xa ./Core/Src/syscalls.o
 .text._wait    0x0000000000000000       0x10 ./Core/Src/syscalls.o
 .text._unlink  0x0000000000000000       0x10 ./Core/Src/syscalls.o
 .text._times   0x0000000000000000        0x6 ./Core/Src/syscalls.o
 .text._stat    0x0000000000000000        0xa ./Core/Src/syscalls.o
 .text._link    0x0000000000000000       0x10 ./Core/Src/syscalls.o
 .text._fork    0x0000000000000000       0x10 ./Core/Src/syscalls.o
 .text._execve  0x0000000000000000       0x10 ./Core/Src/syscalls.o
 .bss.__env     0x0000000000000000        0x4 ./Core/Src/syscalls.o
 .data.environ  0x0000000000000000        0x4 ./Core/Src/syscalls.o
 .comment       0x0000000000000000       0x51 ./Core/Src/syscalls.o
 .ARM.attributes
                0x0000000000000000       0x2c ./Core/Src/syscalls.o
 .text          0x0000000000000000        0x0 ./Core/Src/sysmem.o
 .data          0x0000000000000000        0x0 ./Core/Src/sysmem.o
 .bss           0x0000000000000000        0x0 ./Core/Src/sysmem.o
 .text._sbrk    0x0000000000000000       0x40 ./Core/Src/sysmem.o
 .bss.__sbrk_heap_end
                0x0000000000000000        0x4 ./Core/Src/sysmem.o
 .comment       0x0000000000000000       0x51 ./Core/Src/sysmem.o
 .ARM.attributes
                0x0000000000000000       0x2c ./Core/Src/sysmem.o
 .text          0x0000000000000000        0x0 ./Core/Src/system_stm32c0xx.o
 .data          0x0000000000000000        0x0 ./Core/Src/system_stm32c0xx.o
 .bss           0x0000000000000000        0x0 ./Core/Src/system_stm32c0xx.o
 .text.SystemCoreClockUpdate
                0x0000000000000000       0x5c ./Core/Src/system_stm32c0xx.o
 .rodata.APBPrescTable
                0x0000000000000000       0x20 ./Core/Src/system_stm32c0xx.o
 .text          0x0000000000000000       0x14 ./Core/Startup/startup_stm32c011j4mx.o
 .data          0x0000000000000000        0x0 ./Core/Startup/startup_stm32c011j4mx.o
 .bss           0x0000000000000000        0x0 ./Core/Startup/startup_stm32c011j4mx.o
 .text          0x0000000000000000        0x0 ./Drivers/STM32C0xx_HAL_Driver/Src/stm32c0xx_hal.o
 .data          0x0000000000000000        0x0 ./Drivers/STM32C0xx_HAL_Driver/Src/stm32c0xx_hal.o
 .bss           0x0000000000000000        0x0 ./Drivers/STM32C0xx_HAL_Driver/Src/stm32c0xx_hal.o
 .text.HAL_MspInit
                0x0000000000000000        0x2 ./Drivers/STM32C0xx_HAL_Driver/Src/stm32c0xx_hal.o
 .text.HAL_MspDeInit
                0x0000000000000000        0x2 ./Drivers/STM32C0xx_HAL_Driver/Src/stm32c0xx_hal.o
 .text.HAL_DeInit
                0x0000000000000000       0x28 ./Drivers/STM32C0xx_HAL_Driver/Src/stm32c0xx_hal.o
 .text.HAL_GetTickPrio
                0x0000000000000000        0xc ./Drivers/STM32C0xx_HAL_Driver/Src/stm32c0xx_hal.o
 .text.HAL_SetTickFreq
                0x0000000000000000       0x28 ./Drivers/STM32C0xx_HAL_Driver/Src/stm32c0xx_hal.o
 .text.HAL_GetTickFreq
                0x0000000000000000        0xc ./Drivers/STM32C0xx_HAL_Driver/Src/stm32c0xx_hal.o
 .text.HAL_SuspendTick
                0x0000000000000000       0x10 ./Drivers/STM32C0xx_HAL_Driver/Src/stm32c0xx_hal.o
 .text.HAL_ResumeTick
                0x0000000000000000       0x10 ./Drivers/STM32C0xx_HAL_Driver/Src/stm32c0xx_hal.o
 .text.HAL_GetHalVersion
                0x0000000000000000        0x8 ./Drivers/STM32C0xx_HAL_Driver/Src/stm32c0xx_hal.o
 .text.HAL_GetREVID
                0x0000000000000000        0xc ./Drivers/STM32C0xx_HAL_Driver/Src/stm32c0xx_hal.o
 .text.HAL_GetDEVID
                0x0000000000000000       0x10 ./Drivers/STM32C0xx_HAL_Driver/Src/stm32c0xx_hal.o
 .text.HAL_GetUIDw0
                0x0000000000000000        0xc ./Drivers/STM32C0xx_HAL_Driver/Src/stm32c0xx_hal.o
 .text.HAL_GetUIDw1
                0x0000000000000000        0xc ./Drivers/STM32C0xx_HAL_Driver/Src/stm32c0xx_hal.o
 .text.HAL_GetUIDw2
                0x0000000000000000        0xc ./Drivers/STM32C0xx_HAL_Driver/Src/stm32c0xx_hal.o
 .text.HAL_DBGMCU_EnableDBGStopMode
                0x0000000000000000       0x10 ./Drivers/STM32C0xx_HAL_Driver/Src/stm32c0xx_hal.o
 .text.HAL_DBGMCU_DisableDBGStopMode
                0x0000000000000000       0x10 ./Drivers/STM32C0xx_HAL_Driver/Src/stm32c0xx_hal.o
 .text.HAL_DBGMCU_EnableDBGStandbyMode
                0x0000000000000000       0x10 ./Drivers/STM32C0xx_HAL_Driver/Src/stm32c0xx_hal.o
 .text.HAL_DBGMCU_DisableDBGStandbyMode
                0x0000000000000000       0x10 ./Drivers/STM32C0xx_HAL_Driver/Src/stm32c0xx_hal.o
 .text.HAL_SYSCFG_EnableIOAnalogSwitchBooster
                0x0000000000000000       0x14 ./Drivers/STM32C0xx_HAL_Driver/Src/stm32c0xx_hal.o
 .text.HAL_SYSCFG_DisableIOAnalogSwitchBooster
                0x0000000000000000       0x14 ./Drivers/STM32C0xx_HAL_Driver/Src/stm32c0xx_hal.o
 .text.HAL_SYSCFG_EnableRemap
                0x0000000000000000       0x10 ./Drivers/STM32C0xx_HAL_Driver/Src/stm32c0xx_hal.o
 .text.HAL_SYSCFG_DisableRemap
                0x0000000000000000       0x10 ./Drivers/STM32C0xx_HAL_Driver/Src/stm32c0xx_hal.o
 .text.HAL_SYSCFG_GetPinBinding
                0x0000000000000000        0xc ./Drivers/STM32C0xx_HAL_Driver/Src/stm32c0xx_hal.o
 .text          0x0000000000000000        0x0 ./Drivers/STM32C0xx_HAL_Driver/Src/stm32c0xx_hal_adc.o
 .data          0x0000000000000000        0x0 ./Drivers/STM32C0xx_HAL_Driver/Src/stm32c0xx_hal_adc.o
 .bss           0x0000000000000000        0x0 ./Drivers/STM32C0xx_HAL_Driver/Src/stm32c0xx_hal_adc.o
 .text.LL_ADC_SetAnalogWDMonitChannels
                0x0000000000000000       0x30 ./Drivers/STM32C0xx_HAL_Driver/Src/stm32c0xx_hal_adc.o
 .text.HAL_ADC_MspInit
                0x0000000000000000        0x2 ./Drivers/STM32C0xx_HAL_Driver/Src/stm32c0xx_hal_adc.o
 .text.HAL_ADC_MspDeInit
                0x0000000000000000        0x2 ./Drivers/STM32C0xx_HAL_Driver/Src/stm32c0xx_hal_adc.o
 .text.HAL_ADC_PollForConversion
                0x0000000000000000       0xbc ./Drivers/STM32C0xx_HAL_Driver/Src/stm32c0xx_hal_adc.o
 .text.HAL_ADC_PollForEvent
                0x0000000000000000       0x9e ./Drivers/STM32C0xx_HAL_Driver/Src/stm32c0xx_hal_adc.o
 .text.HAL_ADC_ConvCpltCallback
                0x0000000000000000        0x2 ./Drivers/STM32C0xx_HAL_Driver/Src/stm32c0xx_hal_adc.o
 .text.HAL_ADC_ConvHalfCpltCallback
                0x0000000000000000        0x2 ./Drivers/STM32C0xx_HAL_Driver/Src/stm32c0xx_hal_adc.o
 .text.ADC_DMAHalfConvCplt
                0x0000000000000000        0xa ./Drivers/STM32C0xx_HAL_Driver/Src/stm32c0xx_hal_adc.o
 .text.HAL_ADC_LevelOutOfWindowCallback
                0x0000000000000000        0x2 ./Drivers/STM32C0xx_HAL_Driver/Src/stm32c0xx_hal_adc.o
 .text.HAL_ADC_ErrorCallback
                0x0000000000000000        0x2 ./Drivers/STM32C0xx_HAL_Driver/Src/stm32c0xx_hal_adc.o
 .text.ADC_DMAError
                0x0000000000000000       0x1a ./Drivers/STM32C0xx_HAL_Driver/Src/stm32c0xx_hal_adc.o
 .text.ADC_DMAConvCplt
                0x0000000000000000       0x80 ./Drivers/STM32C0xx_HAL_Driver/Src/stm32c0xx_hal_adc.o
 .text.HAL_ADC_IRQHandler
                0x0000000000000000      0x158 ./Drivers/STM32C0xx_HAL_Driver/Src/stm32c0xx_hal_adc.o
 .text.HAL_ADC_GetState
                0x0000000000000000        0x4 ./Drivers/STM32C0xx_HAL_Driver/Src/stm32c0xx_hal_adc.o
 .text.HAL_ADC_GetError
                0x0000000000000000        0x4 ./Drivers/STM32C0xx_HAL_Driver/Src/stm32c0xx_hal_adc.o
 .text.ADC_ConversionStop
                0x0000000000000000       0x58 ./Drivers/STM32C0xx_HAL_Driver/Src/stm32c0xx_hal_adc.o
 .text.HAL_ADC_Start_IT
                0x0000000000000000       0x80 ./Drivers/STM32C0xx_HAL_Driver/Src/stm32c0xx_hal_adc.o
 .text.HAL_ADC_Start_DMA
                0x0000000000000000       0xb0 ./Drivers/STM32C0xx_HAL_Driver/Src/stm32c0xx_hal_adc.o
 .text.ADC_Disable
                0x0000000000000000       0x70 ./Drivers/STM32C0xx_HAL_Driver/Src/stm32c0xx_hal_adc.o
 .text.HAL_ADC_DeInit
                0x0000000000000000       0xa0 ./Drivers/STM32C0xx_HAL_Driver/Src/stm32c0xx_hal_adc.o
 .text.HAL_ADC_Stop
                0x0000000000000000       0x3c ./Drivers/STM32C0xx_HAL_Driver/Src/stm32c0xx_hal_adc.o
 .text.HAL_ADC_Stop_IT
                0x0000000000000000       0x48 ./Drivers/STM32C0xx_HAL_Driver/Src/stm32c0xx_hal_adc.o
 .text.HAL_ADC_Stop_DMA
                0x0000000000000000       0x78 ./Drivers/STM32C0xx_HAL_Driver/Src/stm32c0xx_hal_adc.o
 .text.HAL_ADC_AnalogWDGConfig
                0x0000000000000000      0x378 ./Drivers/STM32C0xx_HAL_Driver/Src/stm32c0xx_hal_adc.o
 .text          0x0000000000000000        0x0 ./Drivers/STM32C0xx_HAL_Driver/Src/stm32c0xx_hal_adc_ex.o
 .data          0x0000000000000000        0x0 ./Drivers/STM32C0xx_HAL_Driver/Src/stm32c0xx_hal_adc_ex.o
 .bss           0x0000000000000000        0x0 ./Drivers/STM32C0xx_HAL_Driver/Src/stm32c0xx_hal_adc_ex.o
 .text.HAL_ADCEx_Calibration_Start
                0x0000000000000000      0x124 ./Drivers/STM32C0xx_HAL_Driver/Src/stm32c0xx_hal_adc_ex.o
 .text.HAL_ADCEx_Calibration_GetValue
                0x0000000000000000        0xc ./Drivers/STM32C0xx_HAL_Driver/Src/stm32c0xx_hal_adc_ex.o
 .text.HAL_ADCEx_Calibration_SetValue
                0x0000000000000000       0x54 ./Drivers/STM32C0xx_HAL_Driver/Src/stm32c0xx_hal_adc_ex.o
 .text.HAL_ADCEx_LevelOutOfWindow2Callback
                0x0000000000000000        0x2 ./Drivers/STM32C0xx_HAL_Driver/Src/stm32c0xx_hal_adc_ex.o
 .text.HAL_ADCEx_LevelOutOfWindow3Callback
                0x0000000000000000        0x2 ./Drivers/STM32C0xx_HAL_Driver/Src/stm32c0xx_hal_adc_ex.o
 .text.HAL_ADCEx_EndOfSamplingCallback
                0x0000000000000000        0x2 ./Drivers/STM32C0xx_HAL_Driver/Src/stm32c0xx_hal_adc_ex.o
 .text.HAL_ADCEx_ChannelConfigReadyCallback
                0x0000000000000000        0x2 ./Drivers/STM32C0xx_HAL_Driver/Src/stm32c0xx_hal_adc_ex.o
 .text.HAL_ADCEx_DisableVoltageRegulator
                0x0000000000000000       0x20 ./Drivers/STM32C0xx_HAL_Driver/Src/stm32c0xx_hal_adc_ex.o
 .comment       0x0000000000000000       0x51 ./Drivers/STM32C0xx_HAL_Driver/Src/stm32c0xx_hal_adc_ex.o
 .ARM.attributes
                0x0000000000000000       0x2c ./Drivers/STM32C0xx_HAL_Driver/Src/stm32c0xx_hal_adc_ex.o
 .text          0x0000000000000000        0x0 ./Drivers/STM32C0xx_HAL_Driver/Src/stm32c0xx_hal_cortex.o
 .data          0x0000000000000000        0x0 ./Drivers/STM32C0xx_HAL_Driver/Src/stm32c0xx_hal_cortex.o
 .bss           0x0000000000000000        0x0 ./Drivers/STM32C0xx_HAL_Driver/Src/stm32c0xx_hal_cortex.o
 .text.HAL_NVIC_DisableIRQ
                0x0000000000000000       0x20 ./Drivers/STM32C0xx_HAL_Driver/Src/stm32c0xx_hal_cortex.o
 .text.HAL_NVIC_SystemReset
                0x0000000000000000       0x1c ./Drivers/STM32C0xx_HAL_Driver/Src/stm32c0xx_hal_cortex.o
 .text.HAL_NVIC_GetPriority
                0x0000000000000000       0x3c ./Drivers/STM32C0xx_HAL_Driver/Src/stm32c0xx_hal_cortex.o
 .text.HAL_NVIC_SetPendingIRQ
                0x0000000000000000       0x18 ./Drivers/STM32C0xx_HAL_Driver/Src/stm32c0xx_hal_cortex.o
 .text.HAL_NVIC_GetPendingIRQ
                0x0000000000000000       0x1c ./Drivers/STM32C0xx_HAL_Driver/Src/stm32c0xx_hal_cortex.o
 .text.HAL_NVIC_ClearPendingIRQ
                0x0000000000000000       0x1c ./Drivers/STM32C0xx_HAL_Driver/Src/stm32c0xx_hal_cortex.o
 .text.HAL_SYSTICK_CLKSourceConfig
                0x0000000000000000       0x1c ./Drivers/STM32C0xx_HAL_Driver/Src/stm32c0xx_hal_cortex.o
 .text.HAL_SYSTICK_Callback
                0x0000000000000000        0x2 ./Drivers/STM32C0xx_HAL_Driver/Src/stm32c0xx_hal_cortex.o
 .text.HAL_SYSTICK_IRQHandler
                0x0000000000000000        0x8 ./Drivers/STM32C0xx_HAL_Driver/Src/stm32c0xx_hal_cortex.o
 .text.HAL_MPU_Enable
                0x0000000000000000       0x18 ./Drivers/STM32C0xx_HAL_Driver/Src/stm32c0xx_hal_cortex.o
 .text.HAL_MPU_Disable
                0x0000000000000000       0x10 ./Drivers/STM32C0xx_HAL_Driver/Src/stm32c0xx_hal_cortex.o
 .text.HAL_MPU_ConfigRegion
                0x0000000000000000       0x50 ./Drivers/STM32C0xx_HAL_Driver/Src/stm32c0xx_hal_cortex.o
 .text          0x0000000000000000        0x0 ./Drivers/STM32C0xx_HAL_Driver/Src/stm32c0xx_hal_dma.o
 .data          0x0000000000000000        0x0 ./Drivers/STM32C0xx_HAL_Driver/Src/stm32c0xx_hal_dma.o
 .bss           0x0000000000000000        0x0 ./Drivers/STM32C0xx_HAL_Driver/Src/stm32c0xx_hal_dma.o
 .text.DMA_SetConfig
                0x0000000000000000       0x40 ./Drivers/STM32C0xx_HAL_Driver/Src/stm32c0xx_hal_dma.o
 .text.DMA_CalcDMAMUXChannelBaseAndMask
                0x0000000000000000       0x34 ./Drivers/STM32C0xx_HAL_Driver/Src/stm32c0xx_hal_dma.o
 .text.HAL_DMA_Init
                0x0000000000000000       0xb8 ./Drivers/STM32C0xx_HAL_Driver/Src/stm32c0xx_hal_dma.o
 .text.HAL_DMA_DeInit
                0x0000000000000000       0x88 ./Drivers/STM32C0xx_HAL_Driver/Src/stm32c0xx_hal_dma.o
 .text.HAL_DMA_Start
                0x0000000000000000       0x4a ./Drivers/STM32C0xx_HAL_Driver/Src/stm32c0xx_hal_dma.o
 .text.HAL_DMA_Start_IT
                0x0000000000000000       0x90 ./Drivers/STM32C0xx_HAL_Driver/Src/stm32c0xx_hal_dma.o
 .text.HAL_DMA_Abort
                0x0000000000000000       0x7c ./Drivers/STM32C0xx_HAL_Driver/Src/stm32c0xx_hal_dma.o
 .text.HAL_DMA_Abort_IT
                0x0000000000000000       0x7c ./Drivers/STM32C0xx_HAL_Driver/Src/stm32c0xx_hal_dma.o
 .text.HAL_DMA_PollForTransfer
                0x0000000000000000      0x11c ./Drivers/STM32C0xx_HAL_Driver/Src/stm32c0xx_hal_dma.o
 .text.HAL_DMA_IRQHandler
                0x0000000000000000       0xa8 ./Drivers/STM32C0xx_HAL_Driver/Src/stm32c0xx_hal_dma.o
 .text.HAL_DMA_RegisterCallback
                0x0000000000000000       0x40 ./Drivers/STM32C0xx_HAL_Driver/Src/stm32c0xx_hal_dma.o
 .text.HAL_DMA_UnRegisterCallback
                0x0000000000000000       0x4e ./Drivers/STM32C0xx_HAL_Driver/Src/stm32c0xx_hal_dma.o
 .text.HAL_DMA_GetState
                0x0000000000000000        0x8 ./Drivers/STM32C0xx_HAL_Driver/Src/stm32c0xx_hal_dma.o
 .text.HAL_DMA_GetError
                0x0000000000000000        0x4 ./Drivers/STM32C0xx_HAL_Driver/Src/stm32c0xx_hal_dma.o
 .comment       0x0000000000000000       0x51 ./Drivers/STM32C0xx_HAL_Driver/Src/stm32c0xx_hal_dma.o
 .ARM.attributes
                0x0000000000000000       0x2c ./Drivers/STM32C0xx_HAL_Driver/Src/stm32c0xx_hal_dma.o
 .text          0x0000000000000000        0x0 ./Drivers/STM32C0xx_HAL_Driver/Src/stm32c0xx_hal_dma_ex.o
 .data          0x0000000000000000        0x0 ./Drivers/STM32C0xx_HAL_Driver/Src/stm32c0xx_hal_dma_ex.o
 .bss           0x0000000000000000        0x0 ./Drivers/STM32C0xx_HAL_Driver/Src/stm32c0xx_hal_dma_ex.o
 .text.HAL_DMAEx_ConfigMuxSync
                0x0000000000000000       0x44 ./Drivers/STM32C0xx_HAL_Driver/Src/stm32c0xx_hal_dma_ex.o
 .text.HAL_DMAEx_ConfigMuxRequestGenerator
                0x0000000000000000       0x36 ./Drivers/STM32C0xx_HAL_Driver/Src/stm32c0xx_hal_dma_ex.o
 .text.HAL_DMAEx_EnableMuxRequestGenerator
                0x0000000000000000       0x20 ./Drivers/STM32C0xx_HAL_Driver/Src/stm32c0xx_hal_dma_ex.o
 .text.HAL_DMAEx_DisableMuxRequestGenerator
                0x0000000000000000       0x24 ./Drivers/STM32C0xx_HAL_Driver/Src/stm32c0xx_hal_dma_ex.o
 .text.HAL_DMAEx_MUX_IRQHandler
                0x0000000000000000       0x64 ./Drivers/STM32C0xx_HAL_Driver/Src/stm32c0xx_hal_dma_ex.o
 .comment       0x0000000000000000       0x51 ./Drivers/STM32C0xx_HAL_Driver/Src/stm32c0xx_hal_dma_ex.o
 .ARM.attributes
                0x0000000000000000       0x2c ./Drivers/STM32C0xx_HAL_Driver/Src/stm32c0xx_hal_dma_ex.o
 .text          0x0000000000000000        0x0 ./Drivers/STM32C0xx_HAL_Driver/Src/stm32c0xx_hal_exti.o
 .data          0x0000000000000000        0x0 ./Drivers/STM32C0xx_HAL_Driver/Src/stm32c0xx_hal_exti.o
 .bss           0x0000000000000000        0x0 ./Drivers/STM32C0xx_HAL_Driver/Src/stm32c0xx_hal_exti.o
 .text.HAL_EXTI_SetConfigLine
                0x0000000000000000       0xcc ./Drivers/STM32C0xx_HAL_Driver/Src/stm32c0xx_hal_exti.o
 .text.HAL_EXTI_GetConfigLine
                0x0000000000000000       0xa4 ./Drivers/STM32C0xx_HAL_Driver/Src/stm32c0xx_hal_exti.o
 .text.HAL_EXTI_ClearConfigLine
                0x0000000000000000       0x94 ./Drivers/STM32C0xx_HAL_Driver/Src/stm32c0xx_hal_exti.o
 .text.HAL_EXTI_RegisterCallback
                0x0000000000000000       0x24 ./Drivers/STM32C0xx_HAL_Driver/Src/stm32c0xx_hal_exti.o
 .text.HAL_EXTI_GetHandle
                0x0000000000000000        0xe ./Drivers/STM32C0xx_HAL_Driver/Src/stm32c0xx_hal_exti.o
 .text.HAL_EXTI_IRQHandler
                0x0000000000000000       0x48 ./Drivers/STM32C0xx_HAL_Driver/Src/stm32c0xx_hal_exti.o
 .text.HAL_EXTI_GetPending
                0x0000000000000000       0x30 ./Drivers/STM32C0xx_HAL_Driver/Src/stm32c0xx_hal_exti.o
 .text.HAL_EXTI_ClearPending
                0x0000000000000000       0x30 ./Drivers/STM32C0xx_HAL_Driver/Src/stm32c0xx_hal_exti.o
 .text.HAL_EXTI_GenerateSWI
                0x0000000000000000       0x20 ./Drivers/STM32C0xx_HAL_Driver/Src/stm32c0xx_hal_exti.o
 .comment       0x0000000000000000       0x51 ./Drivers/STM32C0xx_HAL_Driver/Src/stm32c0xx_hal_exti.o
 .ARM.attributes
                0x0000000000000000       0x2c ./Drivers/STM32C0xx_HAL_Driver/Src/stm32c0xx_hal_exti.o
 .text          0x0000000000000000        0x0 ./Drivers/STM32C0xx_HAL_Driver/Src/stm32c0xx_hal_flash.o
 .data          0x0000000000000000        0x0 ./Drivers/STM32C0xx_HAL_Driver/Src/stm32c0xx_hal_flash.o
 .bss           0x0000000000000000        0x0 ./Drivers/STM32C0xx_HAL_Driver/Src/stm32c0xx_hal_flash.o
 .RamFunc       0x0000000000000000       0x38 ./Drivers/STM32C0xx_HAL_Driver/Src/stm32c0xx_hal_flash.o
 .text.HAL_FLASH_EndOfOperationCallback
                0x0000000000000000        0x2 ./Drivers/STM32C0xx_HAL_Driver/Src/stm32c0xx_hal_flash.o
 .text.HAL_FLASH_OperationErrorCallback
                0x0000000000000000        0x2 ./Drivers/STM32C0xx_HAL_Driver/Src/stm32c0xx_hal_flash.o
 .text.HAL_FLASH_IRQHandler
                0x0000000000000000       0x98 ./Drivers/STM32C0xx_HAL_Driver/Src/stm32c0xx_hal_flash.o
 .text.HAL_FLASH_Unlock
                0x0000000000000000       0x24 ./Drivers/STM32C0xx_HAL_Driver/Src/stm32c0xx_hal_flash.o
 .text.HAL_FLASH_Lock
                0x0000000000000000       0x18 ./Drivers/STM32C0xx_HAL_Driver/Src/stm32c0xx_hal_flash.o
 .text.HAL_FLASH_OB_Unlock
                0x0000000000000000       0x28 ./Drivers/STM32C0xx_HAL_Driver/Src/stm32c0xx_hal_flash.o
 .text.HAL_FLASH_OB_Lock
                0x0000000000000000       0x1c ./Drivers/STM32C0xx_HAL_Driver/Src/stm32c0xx_hal_flash.o
 .text.HAL_FLASH_OB_Launch
                0x0000000000000000       0x14 ./Drivers/STM32C0xx_HAL_Driver/Src/stm32c0xx_hal_flash.o
 .text.HAL_FLASH_GetError
                0x0000000000000000        0xc ./Drivers/STM32C0xx_HAL_Driver/Src/stm32c0xx_hal_flash.o
 .text.FLASH_WaitForLastOperation
                0x0000000000000000       0x60 ./Drivers/STM32C0xx_HAL_Driver/Src/stm32c0xx_hal_flash.o
 .text.HAL_FLASH_Program
                0x0000000000000000       0x68 ./Drivers/STM32C0xx_HAL_Driver/Src/stm32c0xx_hal_flash.o
 .text.HAL_FLASH_Program_IT
                0x0000000000000000       0x6c ./Drivers/STM32C0xx_HAL_Driver/Src/stm32c0xx_hal_flash.o
 .bss.pFlash    0x0000000000000000       0x18 ./Drivers/STM32C0xx_HAL_Driver/Src/stm32c0xx_hal_flash.o
 .comment       0x0000000000000000       0x51 ./Drivers/STM32C0xx_HAL_Driver/Src/stm32c0xx_hal_flash.o
 .ARM.attributes
                0x0000000000000000       0x2c ./Drivers/STM32C0xx_HAL_Driver/Src/stm32c0xx_hal_flash.o
 .text          0x0000000000000000        0x0 ./Drivers/STM32C0xx_HAL_Driver/Src/stm32c0xx_hal_flash_ex.o
 .data          0x0000000000000000        0x0 ./Drivers/STM32C0xx_HAL_Driver/Src/stm32c0xx_hal_flash_ex.o
 .bss           0x0000000000000000        0x0 ./Drivers/STM32C0xx_HAL_Driver/Src/stm32c0xx_hal_flash_ex.o
 .text.HAL_FLASHEx_OBProgram
                0x0000000000000000      0x144 ./Drivers/STM32C0xx_HAL_Driver/Src/stm32c0xx_hal_flash_ex.o
 .text.HAL_FLASHEx_OBGetConfig
                0x0000000000000000       0xa8 ./Drivers/STM32C0xx_HAL_Driver/Src/stm32c0xx_hal_flash_ex.o
 .text.HAL_FLASHEx_EnableDebugger
                0x0000000000000000       0x14 ./Drivers/STM32C0xx_HAL_Driver/Src/stm32c0xx_hal_flash_ex.o
 .text.HAL_FLASHEx_DisableDebugger
                0x0000000000000000       0x14 ./Drivers/STM32C0xx_HAL_Driver/Src/stm32c0xx_hal_flash_ex.o
 .text.HAL_FLASHEx_FlashEmptyCheck
                0x0000000000000000       0x10 ./Drivers/STM32C0xx_HAL_Driver/Src/stm32c0xx_hal_flash_ex.o
 .text.HAL_FLASHEx_ForceFlashEmpty
                0x0000000000000000       0x18 ./Drivers/STM32C0xx_HAL_Driver/Src/stm32c0xx_hal_flash_ex.o
 .text.HAL_FLASHEx_EnableSecMemProtection
                0x0000000000000000       0x14 ./Drivers/STM32C0xx_HAL_Driver/Src/stm32c0xx_hal_flash_ex.o
 .text.FLASH_PageErase
                0x0000000000000000       0x1c ./Drivers/STM32C0xx_HAL_Driver/Src/stm32c0xx_hal_flash_ex.o
 .text.HAL_FLASHEx_Erase
                0x0000000000000000       0x90 ./Drivers/STM32C0xx_HAL_Driver/Src/stm32c0xx_hal_flash_ex.o
 .text.HAL_FLASHEx_Erase_IT
                0x0000000000000000       0x68 ./Drivers/STM32C0xx_HAL_Driver/Src/stm32c0xx_hal_flash_ex.o
 .text.FLASH_FlushCaches
                0x0000000000000000       0x3c ./Drivers/STM32C0xx_HAL_Driver/Src/stm32c0xx_hal_flash_ex.o
 .comment       0x0000000000000000       0x51 ./Drivers/STM32C0xx_HAL_Driver/Src/stm32c0xx_hal_flash_ex.o
 .ARM.attributes
                0x0000000000000000       0x2c ./Drivers/STM32C0xx_HAL_Driver/Src/stm32c0xx_hal_flash_ex.o
 .text          0x0000000000000000        0x0 ./Drivers/STM32C0xx_HAL_Driver/Src/stm32c0xx_hal_gpio.o
 .data          0x0000000000000000        0x0 ./Drivers/STM32C0xx_HAL_Driver/Src/stm32c0xx_hal_gpio.o
 .bss           0x0000000000000000        0x0 ./Drivers/STM32C0xx_HAL_Driver/Src/stm32c0xx_hal_gpio.o
 .text.HAL_GPIO_DeInit
                0x0000000000000000       0xe4 ./Drivers/STM32C0xx_HAL_Driver/Src/stm32c0xx_hal_gpio.o
 .text.HAL_GPIO_ReadPin
                0x0000000000000000        0xc ./Drivers/STM32C0xx_HAL_Driver/Src/stm32c0xx_hal_gpio.o
 .text.HAL_GPIO_TogglePin
                0x0000000000000000       0x10 ./Drivers/STM32C0xx_HAL_Driver/Src/stm32c0xx_hal_gpio.o
 .text.HAL_GPIO_LockPin
                0x0000000000000000       0x28 ./Drivers/STM32C0xx_HAL_Driver/Src/stm32c0xx_hal_gpio.o
 .text.HAL_GPIO_EXTI_Rising_Callback
                0x0000000000000000        0x2 ./Drivers/STM32C0xx_HAL_Driver/Src/stm32c0xx_hal_gpio.o
 .text          0x0000000000000000        0x0 ./Drivers/STM32C0xx_HAL_Driver/Src/stm32c0xx_hal_pwr.o
 .data          0x0000000000000000        0x0 ./Drivers/STM32C0xx_HAL_Driver/Src/stm32c0xx_hal_pwr.o
 .bss           0x0000000000000000        0x0 ./Drivers/STM32C0xx_HAL_Driver/Src/stm32c0xx_hal_pwr.o
 .text.HAL_PWR_DeInit
                0x0000000000000000       0x20 ./Drivers/STM32C0xx_HAL_Driver/Src/stm32c0xx_hal_pwr.o
 .text.HAL_PWR_EnableWakeUpPin
                0x0000000000000000       0x1c ./Drivers/STM32C0xx_HAL_Driver/Src/stm32c0xx_hal_pwr.o
 .text.HAL_PWR_DisableWakeUpPin
                0x0000000000000000       0x14 ./Drivers/STM32C0xx_HAL_Driver/Src/stm32c0xx_hal_pwr.o
 .text.HAL_PWR_EnterSLEEPMode
                0x0000000000000000       0x20 ./Drivers/STM32C0xx_HAL_Driver/Src/stm32c0xx_hal_pwr.o
 .text.HAL_PWR_EnterSTOPMode
                0x0000000000000000       0x34 ./Drivers/STM32C0xx_HAL_Driver/Src/stm32c0xx_hal_pwr.o
 .text.HAL_PWR_EnterSTANDBYMode
                0x0000000000000000       0x28 ./Drivers/STM32C0xx_HAL_Driver/Src/stm32c0xx_hal_pwr.o
 .text.HAL_PWR_EnableSleepOnExit
                0x0000000000000000       0x10 ./Drivers/STM32C0xx_HAL_Driver/Src/stm32c0xx_hal_pwr.o
 .text.HAL_PWR_DisableSleepOnExit
                0x0000000000000000       0x10 ./Drivers/STM32C0xx_HAL_Driver/Src/stm32c0xx_hal_pwr.o
 .text.HAL_PWR_EnableSEVOnPend
                0x0000000000000000       0x10 ./Drivers/STM32C0xx_HAL_Driver/Src/stm32c0xx_hal_pwr.o
 .text.HAL_PWR_DisableSEVOnPend
                0x0000000000000000       0x10 ./Drivers/STM32C0xx_HAL_Driver/Src/stm32c0xx_hal_pwr.o
 .comment       0x0000000000000000       0x51 ./Drivers/STM32C0xx_HAL_Driver/Src/stm32c0xx_hal_pwr.o
 .ARM.attributes
                0x0000000000000000       0x2c ./Drivers/STM32C0xx_HAL_Driver/Src/stm32c0xx_hal_pwr.o
 .text          0x0000000000000000        0x0 ./Drivers/STM32C0xx_HAL_Driver/Src/stm32c0xx_hal_pwr_ex.o
 .data          0x0000000000000000        0x0 ./Drivers/STM32C0xx_HAL_Driver/Src/stm32c0xx_hal_pwr_ex.o
 .bss           0x0000000000000000        0x0 ./Drivers/STM32C0xx_HAL_Driver/Src/stm32c0xx_hal_pwr_ex.o
 .text.HAL_PWREx_EnableInternalWakeUpLine
                0x0000000000000000       0x14 ./Drivers/STM32C0xx_HAL_Driver/Src/stm32c0xx_hal_pwr_ex.o
 .text.HAL_PWREx_DisableInternalWakeUpLine
                0x0000000000000000       0x14 ./Drivers/STM32C0xx_HAL_Driver/Src/stm32c0xx_hal_pwr_ex.o
 .text.HAL_PWREx_EnableGPIOPullUp
                0x0000000000000000       0x5c ./Drivers/STM32C0xx_HAL_Driver/Src/stm32c0xx_hal_pwr_ex.o
 .text.HAL_PWREx_DisableGPIOPullUp
                0x0000000000000000       0x44 ./Drivers/STM32C0xx_HAL_Driver/Src/stm32c0xx_hal_pwr_ex.o
 .text.HAL_PWREx_EnableGPIOPullDown
                0x0000000000000000       0x5c ./Drivers/STM32C0xx_HAL_Driver/Src/stm32c0xx_hal_pwr_ex.o
 .text.HAL_PWREx_DisableGPIOPullDown
                0x0000000000000000       0x44 ./Drivers/STM32C0xx_HAL_Driver/Src/stm32c0xx_hal_pwr_ex.o
 .text.HAL_PWREx_EnablePullUpPullDownConfig
                0x0000000000000000       0x14 ./Drivers/STM32C0xx_HAL_Driver/Src/stm32c0xx_hal_pwr_ex.o
 .text.HAL_PWREx_DisablePullUpPullDownConfig
                0x0000000000000000       0x14 ./Drivers/STM32C0xx_HAL_Driver/Src/stm32c0xx_hal_pwr_ex.o
 .text.HAL_PWREx_EnableFlashPowerDown
                0x0000000000000000       0x10 ./Drivers/STM32C0xx_HAL_Driver/Src/stm32c0xx_hal_pwr_ex.o
 .text.HAL_PWREx_DisableFlashPowerDown
                0x0000000000000000       0x10 ./Drivers/STM32C0xx_HAL_Driver/Src/stm32c0xx_hal_pwr_ex.o
 .text.HAL_PWREx_EnterSHUTDOWNMode
                0x0000000000000000       0x24 ./Drivers/STM32C0xx_HAL_Driver/Src/stm32c0xx_hal_pwr_ex.o
 .text.HAL_PWREx_BKUPWrite
                0x0000000000000000       0x10 ./Drivers/STM32C0xx_HAL_Driver/Src/stm32c0xx_hal_pwr_ex.o
 .text.HAL_PWREx_BKUPRead
                0x0000000000000000       0x10 ./Drivers/STM32C0xx_HAL_Driver/Src/stm32c0xx_hal_pwr_ex.o
 .comment       0x0000000000000000       0x51 ./Drivers/STM32C0xx_HAL_Driver/Src/stm32c0xx_hal_pwr_ex.o
 .ARM.attributes
                0x0000000000000000       0x2c ./Drivers/STM32C0xx_HAL_Driver/Src/stm32c0xx_hal_pwr_ex.o
 .text          0x0000000000000000        0x0 ./Drivers/STM32C0xx_HAL_Driver/Src/stm32c0xx_hal_rcc.o
 .data          0x0000000000000000        0x0 ./Drivers/STM32C0xx_HAL_Driver/Src/stm32c0xx_hal_rcc.o
 .bss           0x0000000000000000        0x0 ./Drivers/STM32C0xx_HAL_Driver/Src/stm32c0xx_hal_rcc.o
 .text.HAL_RCC_DeInit
                0x0000000000000000       0xbc ./Drivers/STM32C0xx_HAL_Driver/Src/stm32c0xx_hal_rcc.o
 .text.HAL_RCC_MCOConfig
                0x0000000000000000       0x60 ./Drivers/STM32C0xx_HAL_Driver/Src/stm32c0xx_hal_rcc.o
 .text.HAL_RCC_GetHCLKFreq
                0x0000000000000000        0xc ./Drivers/STM32C0xx_HAL_Driver/Src/stm32c0xx_hal_rcc.o
 .text.HAL_RCC_GetPCLK1Freq
                0x0000000000000000       0x28 ./Drivers/STM32C0xx_HAL_Driver/Src/stm32c0xx_hal_rcc.o
 .text.HAL_RCC_GetOscConfig
                0x0000000000000000       0x70 ./Drivers/STM32C0xx_HAL_Driver/Src/stm32c0xx_hal_rcc.o
 .text.HAL_RCC_GetClockConfig
                0x0000000000000000       0x34 ./Drivers/STM32C0xx_HAL_Driver/Src/stm32c0xx_hal_rcc.o
 .text.HAL_RCC_EnableCSS
                0x0000000000000000       0x14 ./Drivers/STM32C0xx_HAL_Driver/Src/stm32c0xx_hal_rcc.o
 .text.HAL_RCC_EnableLSECSS
                0x0000000000000000       0x10 ./Drivers/STM32C0xx_HAL_Driver/Src/stm32c0xx_hal_rcc.o
 .text.HAL_RCC_DisableLSECSS
                0x0000000000000000       0x10 ./Drivers/STM32C0xx_HAL_Driver/Src/stm32c0xx_hal_rcc.o
 .text.HAL_RCC_CSSCallback
                0x0000000000000000        0x2 ./Drivers/STM32C0xx_HAL_Driver/Src/stm32c0xx_hal_rcc.o
 .text.HAL_RCC_LSECSSCallback
                0x0000000000000000        0x2 ./Drivers/STM32C0xx_HAL_Driver/Src/stm32c0xx_hal_rcc.o
 .text.HAL_RCC_NMI_IRQHandler
                0x0000000000000000       0x24 ./Drivers/STM32C0xx_HAL_Driver/Src/stm32c0xx_hal_rcc.o
 .text          0x0000000000000000        0x0 ./Drivers/STM32C0xx_HAL_Driver/Src/stm32c0xx_hal_rcc_ex.o
 .data          0x0000000000000000        0x0 ./Drivers/STM32C0xx_HAL_Driver/Src/stm32c0xx_hal_rcc_ex.o
 .bss           0x0000000000000000        0x0 ./Drivers/STM32C0xx_HAL_Driver/Src/stm32c0xx_hal_rcc_ex.o
 .text.HAL_RCCEx_GetPeriphCLKConfig
                0x0000000000000000       0x48 ./Drivers/STM32C0xx_HAL_Driver/Src/stm32c0xx_hal_rcc_ex.o
 .text.HAL_RCCEx_GetPeriphCLKFreq
                0x0000000000000000      0x178 ./Drivers/STM32C0xx_HAL_Driver/Src/stm32c0xx_hal_rcc_ex.o
 .text.HAL_RCCEx_EnableLSCO
                0x0000000000000000       0x4c ./Drivers/STM32C0xx_HAL_Driver/Src/stm32c0xx_hal_rcc_ex.o
 .text.HAL_RCCEx_DisableLSCO
                0x0000000000000000       0x14 ./Drivers/STM32C0xx_HAL_Driver/Src/stm32c0xx_hal_rcc_ex.o
 .text          0x0000000000000000        0x0 c:/st/stm32cubeide_1.11.2/stm32cubeide/plugins/com.st.stm32cube.ide.mcu.externaltools.gnu-tools-for-stm32.10.3-2021.10.win32_1.0.100.202210260954/tools/bin/../lib/gcc/arm-none-eabi/10.3.1/../../../../arm-none-eabi/lib/thumb/v6-m/nofp\libc_nano.a(lib_a-errno.o)
 .data          0x0000000000000000        0x0 c:/st/stm32cubeide_1.11.2/stm32cubeide/plugins/com.st.stm32cube.ide.mcu.externaltools.gnu-tools-for-stm32.10.3-2021.10.win32_1.0.100.202210260954/tools/bin/../lib/gcc/arm-none-eabi/10.3.1/../../../../arm-none-eabi/lib/thumb/v6-m/nofp\libc_nano.a(lib_a-errno.o)
 .bss           0x0000000000000000        0x0 c:/st/stm32cubeide_1.11.2/stm32cubeide/plugins/com.st.stm32cube.ide.mcu.externaltools.gnu-tools-for-stm32.10.3-2021.10.win32_1.0.100.202210260954/tools/bin/../lib/gcc/arm-none-eabi/10.3.1/../../../../arm-none-eabi/lib/thumb/v6-m/nofp\libc_nano.a(lib_a-errno.o)
 .text.__errno  0x0000000000000000        0xc c:/st/stm32cubeide_1.11.2/stm32cubeide/plugins/com.st.stm32cube.ide.mcu.externaltools.gnu-tools-for-stm32.10.3-2021.10.win32_1.0.100.202210260954/tools/bin/../lib/gcc/arm-none-eabi/10.3.1/../../../../arm-none-eabi/lib/thumb/v6-m/nofp\libc_nano.a(lib_a-errno.o)
 .debug_frame   0x0000000000000000       0x20 c:/st/stm32cubeide_1.11.2/stm32cubeide/plugins/com.st.stm32cube.ide.mcu.externaltools.gnu-tools-for-stm32.10.3-2021.10.win32_1.0.100.202210260954/tools/bin/../lib/gcc/arm-none-eabi/10.3.1/../../../../arm-none-eabi/lib/thumb/v6-m/nofp\libc_nano.a(lib_a-errno.o)
 .ARM.attributes
                0x0000000000000000       0x2c c:/st/stm32cubeide_1.11.2/stm32cubeide/plugins/com.st.stm32cube.ide.mcu.externaltools.gnu-tools-for-stm32.10.3-2021.10.win32_1.0.100.202210260954/tools/bin/../lib/gcc/arm-none-eabi/10.3.1/../../../../arm-none-eabi/lib/thumb/v6-m/nofp\libc_nano.a(lib_a-errno.o)
 .text          0x0000000000000000        0x0 c:/st/stm32cubeide_1.11.2/stm32cubeide/plugins/com.st.stm32cube.ide.mcu.externaltools.gnu-tools-for-stm32.10.3-2021.10.win32_1.0.100.202210260954/tools/bin/../lib/gcc/arm-none-eabi/10.3.1/../../../../arm-none-eabi/lib/thumb/v6-m/nofp\libc_nano.a(lib_a-exit.o)
 .data          0x0000000000000000        0x0 c:/st/stm32cubeide_1.11.2/stm32cubeide/plugins/com.st.stm32cube.ide.mcu.externaltools.gnu-tools-for-stm32.10.3-2021.10.win32_1.0.100.202210260954/tools/bin/../lib/gcc/arm-none-eabi/10.3.1/../../../../arm-none-eabi/lib/thumb/v6-m/nofp\libc_nano.a(lib_a-exit.o)
 .bss           0x0000000000000000        0x0 c:/st/stm32cubeide_1.11.2/stm32cubeide/plugins/com.st.stm32cube.ide.mcu.externaltools.gnu-tools-for-stm32.10.3-2021.10.win32_1.0.100.202210260954/tools/bin/../lib/gcc/arm-none-eabi/10.3.1/../../../../arm-none-eabi/lib/thumb/v6-m/nofp\libc_nano.a(lib_a-exit.o)
 .text.exit     0x0000000000000000       0x2c c:/st/stm32cubeide_1.11.2/stm32cubeide/plugins/com.st.stm32cube.ide.mcu.externaltools.gnu-tools-for-stm32.10.3-2021.10.win32_1.0.100.202210260954/tools/bin/../lib/gcc/arm-none-eabi/10.3.1/../../../../arm-none-eabi/lib/thumb/v6-m/nofp\libc_nano.a(lib_a-exit.o)
 .debug_frame   0x0000000000000000       0x28 c:/st/stm32cubeide_1.11.2/stm32cubeide/plugins/com.st.stm32cube.ide.mcu.externaltools.gnu-tools-for-stm32.10.3-2021.10.win32_1.0.100.202210260954/tools/bin/../lib/gcc/arm-none-eabi/10.3.1/../../../../arm-none-eabi/lib/thumb/v6-m/nofp\libc_nano.a(lib_a-exit.o)
 .ARM.attributes
                0x0000000000000000       0x2c c:/st/stm32cubeide_1.11.2/stm32cubeide/plugins/com.st.stm32cube.ide.mcu.externaltools.gnu-tools-for-stm32.10.3-2021.10.win32_1.0.100.202210260954/tools/bin/../lib/gcc/arm-none-eabi/10.3.1/../../../../arm-none-eabi/lib/thumb/v6-m/nofp\libc_nano.a(lib_a-exit.o)
 .text          0x0000000000000000        0x0 c:/st/stm32cubeide_1.11.2/stm32cubeide/plugins/com.st.stm32cube.ide.mcu.externaltools.gnu-tools-for-stm32.10.3-2021.10.win32_1.0.100.202210260954/tools/bin/../lib/gcc/arm-none-eabi/10.3.1/../../../../arm-none-eabi/lib/thumb/v6-m/nofp\libc_nano.a(lib_a-impure.o)
 .data          0x0000000000000000        0x0 c:/st/stm32cubeide_1.11.2/stm32cubeide/plugins/com.st.stm32cube.ide.mcu.externaltools.gnu-tools-for-stm32.10.3-2021.10.win32_1.0.100.202210260954/tools/bin/../lib/gcc/arm-none-eabi/10.3.1/../../../../arm-none-eabi/lib/thumb/v6-m/nofp\libc_nano.a(lib_a-impure.o)
 .bss           0x0000000000000000        0x0 c:/st/stm32cubeide_1.11.2/stm32cubeide/plugins/com.st.stm32cube.ide.mcu.externaltools.gnu-tools-for-stm32.10.3-2021.10.win32_1.0.100.202210260954/tools/bin/../lib/gcc/arm-none-eabi/10.3.1/../../../../arm-none-eabi/lib/thumb/v6-m/nofp\libc_nano.a(lib_a-impure.o)
 .data._impure_ptr
                0x0000000000000000        0x4 c:/st/stm32cubeide_1.11.2/stm32cubeide/plugins/com.st.stm32cube.ide.mcu.externaltools.gnu-tools-for-stm32.10.3-2021.10.win32_1.0.100.202210260954/tools/bin/../lib/gcc/arm-none-eabi/10.3.1/../../../../arm-none-eabi/lib/thumb/v6-m/nofp\libc_nano.a(lib_a-impure.o)
 .data.impure_data
                0x0000000000000000       0x60 c:/st/stm32cubeide_1.11.2/stm32cubeide/plugins/com.st.stm32cube.ide.mcu.externaltools.gnu-tools-for-stm32.10.3-2021.10.win32_1.0.100.202210260954/tools/bin/../lib/gcc/arm-none-eabi/10.3.1/../../../../arm-none-eabi/lib/thumb/v6-m/nofp\libc_nano.a(lib_a-impure.o)
 .rodata._global_impure_ptr
                0x0000000000000000        0x4 c:/st/stm32cubeide_1.11.2/stm32cubeide/plugins/com.st.stm32cube.ide.mcu.externaltools.gnu-tools-for-stm32.10.3-2021.10.win32_1.0.100.202210260954/tools/bin/../lib/gcc/arm-none-eabi/10.3.1/../../../../arm-none-eabi/lib/thumb/v6-m/nofp\libc_nano.a(lib_a-impure.o)
 .ARM.attributes
                0x0000000000000000       0x2c c:/st/stm32cubeide_1.11.2/stm32cubeide/plugins/com.st.stm32cube.ide.mcu.externaltools.gnu-tools-for-stm32.10.3-2021.10.win32_1.0.100.202210260954/tools/bin/../lib/gcc/arm-none-eabi/10.3.1/../../../../arm-none-eabi/lib/thumb/v6-m/nofp\libc_nano.a(lib_a-impure.o)
 .text          0x0000000000000000        0x0 c:/st/stm32cubeide_1.11.2/stm32cubeide/plugins/com.st.stm32cube.ide.mcu.externaltools.gnu-tools-for-stm32.10.3-2021.10.win32_1.0.100.202210260954/tools/bin/../lib/gcc/arm-none-eabi/10.3.1/../../../../arm-none-eabi/lib/thumb/v6-m/nofp\libc_nano.a(lib_a-init.o)
 .data          0x0000000000000000        0x0 c:/st/stm32cubeide_1.11.2/stm32cubeide/plugins/com.st.stm32cube.ide.mcu.externaltools.gnu-tools-for-stm32.10.3-2021.10.win32_1.0.100.202210260954/tools/bin/../lib/gcc/arm-none-eabi/10.3.1/../../../../arm-none-eabi/lib/thumb/v6-m/nofp\libc_nano.a(lib_a-init.o)
 .bss           0x0000000000000000        0x0 c:/st/stm32cubeide_1.11.2/stm32cubeide/plugins/com.st.stm32cube.ide.mcu.externaltools.gnu-tools-for-stm32.10.3-2021.10.win32_1.0.100.202210260954/tools/bin/../lib/gcc/arm-none-eabi/10.3.1/../../../../arm-none-eabi/lib/thumb/v6-m/nofp\libc_nano.a(lib_a-init.o)
 .text          0x0000000000000000        0x0 c:/st/stm32cubeide_1.11.2/stm32cubeide/plugins/com.st.stm32cube.ide.mcu.externaltools.gnu-tools-for-stm32.10.3-2021.10.win32_1.0.100.202210260954/tools/bin/../lib/gcc/arm-none-eabi/10.3.1/../../../../arm-none-eabi/lib/thumb/v6-m/nofp\libc_nano.a(lib_a-memset.o)
 .data          0x0000000000000000        0x0 c:/st/stm32cubeide_1.11.2/stm32cubeide/plugins/com.st.stm32cube.ide.mcu.externaltools.gnu-tools-for-stm32.10.3-2021.10.win32_1.0.100.202210260954/tools/bin/../lib/gcc/arm-none-eabi/10.3.1/../../../../arm-none-eabi/lib/thumb/v6-m/nofp\libc_nano.a(lib_a-memset.o)
 .bss           0x0000000000000000        0x0 c:/st/stm32cubeide_1.11.2/stm32cubeide/plugins/com.st.stm32cube.ide.mcu.externaltools.gnu-tools-for-stm32.10.3-2021.10.win32_1.0.100.202210260954/tools/bin/../lib/gcc/arm-none-eabi/10.3.1/../../../../arm-none-eabi/lib/thumb/v6-m/nofp\libc_nano.a(lib_a-memset.o)
 .data          0x0000000000000000        0x0 c:/st/stm32cubeide_1.11.2/stm32cubeide/plugins/com.st.stm32cube.ide.mcu.externaltools.gnu-tools-for-stm32.10.3-2021.10.win32_1.0.100.202210260954/tools/bin/../lib/gcc/arm-none-eabi/10.3.1/thumb/v6-m/nofp\libgcc.a(_thumb1_case_uqi.o)
 .bss           0x0000000000000000        0x0 c:/st/stm32cubeide_1.11.2/stm32cubeide/plugins/com.st.stm32cube.ide.mcu.externaltools.gnu-tools-for-stm32.10.3-2021.10.win32_1.0.100.202210260954/tools/bin/../lib/gcc/arm-none-eabi/10.3.1/thumb/v6-m/nofp\libgcc.a(_thumb1_case_uqi.o)
 .data          0x0000000000000000        0x0 c:/st/stm32cubeide_1.11.2/stm32cubeide/plugins/com.st.stm32cube.ide.mcu.externaltools.gnu-tools-for-stm32.10.3-2021.10.win32_1.0.100.202210260954/tools/bin/../lib/gcc/arm-none-eabi/10.3.1/thumb/v6-m/nofp\libgcc.a(_udivsi3.o)
 .bss           0x0000000000000000        0x0 c:/st/stm32cubeide_1.11.2/stm32cubeide/plugins/com.st.stm32cube.ide.mcu.externaltools.gnu-tools-for-stm32.10.3-2021.10.win32_1.0.100.202210260954/tools/bin/../lib/gcc/arm-none-eabi/10.3.1/thumb/v6-m/nofp\libgcc.a(_udivsi3.o)
 .text          0x0000000000000000      0x1d4 c:/st/stm32cubeide_1.11.2/stm32cubeide/plugins/com.st.stm32cube.ide.mcu.externaltools.gnu-tools-for-stm32.10.3-2021.10.win32_1.0.100.202210260954/tools/bin/../lib/gcc/arm-none-eabi/10.3.1/thumb/v6-m/nofp\libgcc.a(_divsi3.o)
 .data          0x0000000000000000        0x0 c:/st/stm32cubeide_1.11.2/stm32cubeide/plugins/com.st.stm32cube.ide.mcu.externaltools.gnu-tools-for-stm32.10.3-2021.10.win32_1.0.100.202210260954/tools/bin/../lib/gcc/arm-none-eabi/10.3.1/thumb/v6-m/nofp\libgcc.a(_divsi3.o)
 .bss           0x0000000000000000        0x0 c:/st/stm32cubeide_1.11.2/stm32cubeide/plugins/com.st.stm32cube.ide.mcu.externaltools.gnu-tools-for-stm32.10.3-2021.10.win32_1.0.100.202210260954/tools/bin/../lib/gcc/arm-none-eabi/10.3.1/thumb/v6-m/nofp\libgcc.a(_divsi3.o)
 .debug_frame   0x0000000000000000       0x20 c:/st/stm32cubeide_1.11.2/stm32cubeide/plugins/com.st.stm32cube.ide.mcu.externaltools.gnu-tools-for-stm32.10.3-2021.10.win32_1.0.100.202210260954/tools/bin/../lib/gcc/arm-none-eabi/10.3.1/thumb/v6-m/nofp\libgcc.a(_divsi3.o)
 .ARM.attributes
                0x0000000000000000       0x1e c:/st/stm32cubeide_1.11.2/stm32cubeide/plugins/com.st.stm32cube.ide.mcu.externaltools.gnu-tools-for-stm32.10.3-2021.10.win32_1.0.100.202210260954/tools/bin/../lib/gcc/arm-none-eabi/10.3.1/thumb/v6-m/nofp\libgcc.a(_divsi3.o)
 .data          0x0000000000000000        0x0 c:/st/stm32cubeide_1.11.2/stm32cubeide/plugins/com.st.stm32cube.ide.mcu.externaltools.gnu-tools-for-stm32.10.3-2021.10.win32_1.0.100.202210260954/tools/bin/../lib/gcc/arm-none-eabi/10.3.1/thumb/v6-m/nofp\libgcc.a(_dvmd_tls.o)
 .bss           0x0000000000000000        0x0 c:/st/stm32cubeide_1.11.2/stm32cubeide/plugins/com.st.stm32cube.ide.mcu.externaltools.gnu-tools-for-stm32.10.3-2021.10.win32_1.0.100.202210260954/tools/bin/../lib/gcc/arm-none-eabi/10.3.1/thumb/v6-m/nofp\libgcc.a(_dvmd_tls.o)
 .text          0x0000000000000000        0x0 c:/st/stm32cubeide_1.11.2/stm32cubeide/plugins/com.st.stm32cube.ide.mcu.externaltools.gnu-tools-for-stm32.10.3-2021.10.win32_1.0.100.202210260954/tools/bin/../lib/gcc/arm-none-eabi/10.3.1/thumb/v6-m/nofp/crtend.o
 .data          0x0000000000000000        0x0 c:/st/stm32cubeide_1.11.2/stm32cubeide/plugins/com.st.stm32cube.ide.mcu.externaltools.gnu-tools-for-stm32.10.3-2021.10.win32_1.0.100.202210260954/tools/bin/../lib/gcc/arm-none-eabi/10.3.1/thumb/v6-m/nofp/crtend.o
 .bss           0x0000000000000000        0x0 c:/st/stm32cubeide_1.11.2/stm32cubeide/plugins/com.st.stm32cube.ide.mcu.externaltools.gnu-tools-for-stm32.10.3-2021.10.win32_1.0.100.202210260954/tools/bin/../lib/gcc/arm-none-eabi/10.3.1/thumb/v6-m/nofp/crtend.o
 .rodata        0x0000000000000000       0x24 c:/st/stm32cubeide_1.11.2/stm32cubeide/plugins/com.st.stm32cube.ide.mcu.externaltools.gnu-tools-for-stm32.10.3-2021.10.win32_1.0.100.202210260954/tools/bin/../lib/gcc/arm-none-eabi/10.3.1/thumb/v6-m/nofp/crtend.o
 .eh_frame      0x0000000000000000        0x4 c:/st/stm32cubeide_1.11.2/stm32cubeide/plugins/com.st.stm32cube.ide.mcu.externaltools.gnu-tools-for-stm32.10.3-2021.10.win32_1.0.100.202210260954/tools/bin/../lib/gcc/arm-none-eabi/10.3.1/thumb/v6-m/nofp/crtend.o
 .ARM.attributes
                0x0000000000000000       0x2c c:/st/stm32cubeide_1.11.2/stm32cubeide/plugins/com.st.stm32cube.ide.mcu.externaltools.gnu-tools-for-stm32.10.3-2021.10.win32_1.0.100.202210260954/tools/bin/../lib/gcc/arm-none-eabi/10.3.1/thumb/v6-m/nofp/crtend.o
 .text          0x0000000000000000        0x0 c:/st/stm32cubeide_1.11.2/stm32cubeide/plugins/com.st.stm32cube.ide.mcu.externaltools.gnu-tools-for-stm32.10.3-2021.10.win32_1.0.100.202210260954/tools/bin/../lib/gcc/arm-none-eabi/10.3.1/thumb/v6-m/nofp/crtn.o
 .data          0x0000000000000000        0x0 c:/st/stm32cubeide_1.11.2/stm32cubeide/plugins/com.st.stm32cube.ide.mcu.externaltools.gnu-tools-for-stm32.10.3-2021.10.win32_1.0.100.202210260954/tools/bin/../lib/gcc/arm-none-eabi/10.3.1/thumb/v6-m/nofp/crtn.o
 .bss           0x0000000000000000        0x0 c:/st/stm32cubeide_1.11.2/stm32cubeide/plugins/com.st.stm32cube.ide.mcu.externaltools.gnu-tools-for-stm32.10.3-2021.10.win32_1.0.100.202210260954/tools/bin/../lib/gcc/arm-none-eabi/10.3.1/thumb/v6-m/nofp/crtn.o

Memory Configuration

Name             Origin             Length             Attributes
RAM              0x0000000020000000 0x0000000000001800 xrw
FLASH            0x0000000008000000 0x0000000000004000 xr
*default*        0x0000000000000000 0xffffffffffffffff

Linker script and memory map

LOAD c:/st/stm32cubeide_1.11.2/stm32cubeide/plugins/com.st.stm32cube.ide.mcu.externaltools.gnu-tools-for-stm32.10.3-2021.10.win32_1.0.100.202210260954/tools/bin/../lib/gcc/arm-none-eabi/10.3.1/thumb/v6-m/nofp/crti.o
LOAD c:/st/stm32cubeide_1.11.2/stm32cubeide/plugins/com.st.stm32cube.ide.mcu.externaltools.gnu-tools-for-stm32.10.3-2021.10.win32_1.0.100.202210260954/tools/bin/../lib/gcc/arm-none-eabi/10.3.1/thumb/v6-m/nofp/crtbegin.o
LOAD c:/st/stm32cubeide_1.11.2/stm32cubeide/plugins/com.st.stm32cube.ide.mcu.externaltools.gnu-tools-for-stm32.10.3-2021.10.win32_1.0.100.202210260954/tools/bin/../lib/gcc/arm-none-eabi/10.3.1/../../../../arm-none-eabi/lib/thumb/v6-m/nofp/crt0.o
LOAD ./Core/Src/dice.o
LOAD ./Core/Src/main.o
LOAD ./Core/Src/stm32c0xx_hal_msp.o
LOAD ./Core/Src/stm32c0xx_it.o
LOAD ./Core/Src/syscalls.o
LOAD ./Core/Src/sysmem.o
LOAD ./Core/Src/system_stm32c0xx.o
LOAD ./Core/Startup/startup_stm32c011j4mx.o
LOAD ./Drivers/STM32C0xx_HAL_Driver/Src/stm32c0xx_hal.o
LOAD ./Drivers/STM32C0xx_HAL_Driver/Src/stm32c0xx_hal_adc.o
LOAD ./Drivers/STM32C0xx_HAL_Driver/Src/stm32c0xx_hal_adc_ex.o
LOAD ./Drivers/STM32C0xx_HAL_Driver/Src/stm32c0xx_hal_cortex.o
LOAD ./Drivers/STM32C0xx_HAL_Driver/Src/stm32c0xx_hal_dma.o
LOAD ./Drivers/STM32C0xx_HAL_Driver/Src/stm32c0xx_hal_dma_ex.o
LOAD ./Drivers/STM32C0xx_HAL_Driver/Src/stm32c0xx_hal_exti.o
LOAD ./Drivers/STM32C0xx_HAL_Driver/Src/stm32c0xx_hal_flash.o
LOAD ./Drivers/STM32C0xx_HAL_Driver/Src/stm32c0xx_hal_flash_ex.o
LOAD ./Drivers/STM32C0xx_HAL_Driver/Src/stm32c0xx_hal_gpio.o
LOAD ./Drivers/STM32C0xx_HAL_Driver/Src/stm32c0xx_hal_pwr.o
LOAD ./Drivers/STM32C0xx_HAL_Driver/Src/stm32c0xx_hal_pwr_ex.o
LOAD ./Drivers/STM32C0xx_HAL_Driver/Src/stm32c0xx_hal_rcc.o
LOAD ./Drivers/STM32C0xx_HAL_Driver/Src/stm32c0xx_hal_rcc_ex.o
START GROUP
LOAD c:/st/stm32cubeide_1.11.2/stm32cubeide/plugins/com.st.stm32cube.ide.mcu.externaltools.gnu-tools-for-stm32.10.3-2021.10.win32_1.0.100.202210260954/tools/bin/../lib/gcc/arm-none-eabi/10.3.1/../../../../arm-none-eabi/lib/thumb/v6-m/nofp\libc_nano.a
LOAD c:/st/stm32cubeide_1.11.2/stm32cubeide/plugins/com.st.stm32cube.ide.mcu.externaltools.gnu-tools-for-stm32.10.3-2021.10.win32_1.0.100.202210260954/tools/bin/../lib/gcc/arm-none-eabi/10.3.1/../../../../arm-none-eabi/lib/thumb/v6-m/nofp\libm.a
END GROUP
START GROUP
LOAD c:/st/stm32cubeide_1.11.2/stm32cubeide/plugins/com.st.stm32cube.ide.mcu.externaltools.gnu-tools-for-stm32.10.3-2021.10.win32_1.0.100.202210260954/tools/bin/../lib/gcc/arm-none-eabi/10.3.1/thumb/v6-m/nofp\libgcc.a
LOAD c:/st/stm32cubeide_1.11.2/stm32cubeide/plugins/com.st.stm32cube.ide.mcu.externaltools.gnu-tools-for-stm32.10.3-2021.10.win32_1.0.100.202210260954/tools/bin/../lib/gcc/arm-none-eabi/10.3.1/../../../../arm-none-eabi/lib/thumb/v6-m/nofp\libc_nano.a
END GROUP
START GROUP
LOAD c:/st/stm32cubeide_1.11.2/stm32cubeide/plugins/com.st.stm32cube.ide.mcu.externaltools.gnu-tools-for-stm32.10.3-2021.10.win32_1.0.100.202210260954/tools/bin/../lib/gcc/arm-none-eabi/10.3.1/thumb/v6-m/nofp\libgcc.a
LOAD c:/st/stm32cubeide_1.11.2/stm32cubeide/plugins/com.st.stm32cube.ide.mcu.externaltools.gnu-tools-for-stm32.10.3-2021.10.win32_1.0.100.202210260954/tools/bin/../lib/gcc/arm-none-eabi/10.3.1/../../../../arm-none-eabi/lib/thumb/v6-m/nofp\libc_nano.a
LOAD c:/st/stm32cubeide_1.11.2/stm32cubeide/plugins/com.st.stm32cube.ide.mcu.externaltools.gnu-tools-for-stm32.10.3-2021.10.win32_1.0.100.202210260954/tools/bin/../lib/gcc/arm-none-eabi/10.3.1/../../../../arm-none-eabi/lib/thumb/v6-m/nofp\libnosys.a
END GROUP
START GROUP
LOAD c:/st/stm32cubeide_1.11.2/stm32cubeide/plugins/com.st.stm32cube.ide.mcu.externaltools.gnu-tools-for-stm32.10.3-2021.10.win32_1.0.100.202210260954/tools/bin/../lib/gcc/arm-none-eabi/10.3.1/thumb/v6-m/nofp\libgcc.a
LOAD c:/st/stm32cubeide_1.11.2/stm32cubeide/plugins/com.st.stm32cube.ide.mcu.externaltools.gnu-tools-for-stm32.10.3-2021.10.win32_1.0.100.202210260954/tools/bin/../lib/gcc/arm-none-eabi/10.3.1/../../../../arm-none-eabi/lib/thumb/v6-m/nofp\libc_nano.a
LOAD c:/st/stm32cubeide_1.11.2/stm32cubeide/plugins/com.st.stm32cube.ide.mcu.externaltools.gnu-tools-for-stm32.10.3-2021.10.win32_1.0.100.202210260954/tools/bin/../lib/gcc/arm-none-eabi/10.3.1/../../../../arm-none-eabi/lib/thumb/v6-m/nofp\libnosys.a
END GROUP
LOAD c:/st/stm32cubeide_1.11.2/stm32cubeide/plugins/com.st.stm32cube.ide.mcu.externaltools.gnu-tools-for-stm32.10.3-2021.10.win32_1.0.100.202210260954/tools/bin/../lib/gcc/arm-none-eabi/10.3.1/thumb/v6-m/nofp/crtend.o
LOAD c:/st/stm32cubeide_1.11.2/stm32cubeide/plugins/com.st.stm32cube.ide.mcu.externaltools.gnu-tools-for-stm32.10.3-2021.10.win32_1.0.100.202210260954/tools/bin/../lib/gcc/arm-none-eabi/10.3.1/thumb/v6-m/nofp/crtn.o
                0x0000000020001800                _estack = (ORIGIN (RAM) + LENGTH (RAM))
                0x0000000000000200                _Min_Heap_Size = 0x200
                0x0000000000000400                _Min_Stack_Size = 0x400

.isr_vector     0x0000000008000000       0xc0
                0x0000000008000000                . = ALIGN (0x4)
 *(.isr_vector)
 .isr_vector    0x0000000008000000       0xc0 ./Core/Startup/startup_stm32c011j4mx.o
                0x0000000008000000                g_pfnVectors
                0x00000000080000c0                . = ALIGN (0x4)

.text           0x00000000080000c0     0x144c
                0x00000000080000c0                . = ALIGN (0x4)
 *(.text)
 .text          0x00000000080000c0       0x48 c:/st/stm32cubeide_1.11.2/stm32cubeide/plugins/com.st.stm32cube.ide.mcu.externaltools.gnu-tools-for-stm32.10.3-2021.10.win32_1.0.100.202210260954/tools/bin/../lib/gcc/arm-none-eabi/10.3.1/thumb/v6-m/nofp/crtbegin.o
 .text          0x0000000008000108       0x14 c:/st/stm32cubeide_1.11.2/stm32cubeide/plugins/com.st.stm32cube.ide.mcu.externaltools.gnu-tools-for-stm32.10.3-2021.10.win32_1.0.100.202210260954/tools/bin/../lib/gcc/arm-none-eabi/10.3.1/thumb/v6-m/nofp\libgcc.a(_thumb1_case_uqi.o)
                0x0000000008000108                __gnu_thumb1_case_uqi
 .text          0x000000000800011c      0x114 c:/st/stm32cubeide_1.11.2/stm32cubeide/plugins/com.st.stm32cube.ide.mcu.externaltools.gnu-tools-for-stm32.10.3-2021.10.win32_1.0.100.202210260954/tools/bin/../lib/gcc/arm-none-eabi/10.3.1/thumb/v6-m/nofp\libgcc.a(_udivsi3.o)
                0x000000000800011c                __aeabi_uidiv
                0x000000000800011c                __udivsi3
                0x0000000008000228                __aeabi_uidivmod
 .text          0x0000000008000230        0x4 c:/st/stm32cubeide_1.11.2/stm32cubeide/plugins/com.st.stm32cube.ide.mcu.externaltools.gnu-tools-for-stm32.10.3-2021.10.win32_1.0.100.202210260954/tools/bin/../lib/gcc/arm-none-eabi/10.3.1/thumb/v6-m/nofp\libgcc.a(_dvmd_tls.o)
                0x0000000008000230                __aeabi_idiv0
                0x0000000008000230                __aeabi_ldiv0
 *(.text*)
 .text.getNewRandomValue
                0x0000000008000234       0x4c ./Core/Src/dice.o
                0x0000000008000234                getNewRandomValue
 .text.showNumber
                0x0000000008000280       0xa0 ./Core/Src/dice.o
                0x0000000008000280                showNumber
 .text.SystemClock_Config
                0x0000000008000320       0x56 ./Core/Src/main.o
                0x0000000008000320                SystemClock_Config
 *fill*         0x0000000008000376        0x2 
 .text.startup.main
                0x0000000008000378      0x1f8 ./Core/Src/main.o
                0x0000000008000378                main
 .text.HAL_GPIO_EXTI_Rising_Callback
                0x0000000008000570        0xc ./Core/Src/main.o
                0x0000000008000570                HAL_GPIO_EXTI_Rising_Callback
 .text.Error_Handler
                0x000000000800057c        0x4 ./Core/Src/main.o
                0x000000000800057c                Error_Handler
 .text.HAL_MspInit
                0x0000000008000580       0x30 ./Core/Src/stm32c0xx_hal_msp.o
                0x0000000008000580                HAL_MspInit
 .text.HAL_ADC_MspInit
                0x00000000080005b0       0x84 ./Core/Src/stm32c0xx_hal_msp.o
                0x00000000080005b0                HAL_ADC_MspInit
 .text.NMI_Handler
                0x0000000008000634        0x2 ./Core/Src/stm32c0xx_it.o
                0x0000000008000634                NMI_Handler
 .text.HardFault_Handler
                0x0000000008000636        0x2 ./Core/Src/stm32c0xx_it.o
                0x0000000008000636                HardFault_Handler
 .text.SVC_Handler
                0x0000000008000638        0x2 ./Core/Src/stm32c0xx_it.o
                0x0000000008000638                SVC_Handler
 .text.PendSV_Handler
                0x000000000800063a        0x2 ./Core/Src/stm32c0xx_it.o
                0x000000000800063a                PendSV_Handler
 .text.SysTick_Handler
                0x000000000800063c        0x8 ./Core/Src/stm32c0xx_it.o
                0x000000000800063c                SysTick_Handler
 .text.EXTI4_15_IRQHandler
                0x0000000008000644        0xc ./Core/Src/stm32c0xx_it.o
                0x0000000008000644                EXTI4_15_IRQHandler
 .text.SystemInit
                0x0000000008000650       0x10 ./Core/Src/system_stm32c0xx.o
                0x0000000008000650                SystemInit
 .text.Reset_Handler
                0x0000000008000660       0x50 ./Core/Startup/startup_stm32c011j4mx.o
                0x0000000008000660                Reset_Handler
 .text.Default_Handler
                0x00000000080006b0        0x2 ./Core/Startup/startup_stm32c011j4mx.o
                0x00000000080006b0                TIM1_CC_IRQHandler
                0x00000000080006b0                I2C1_IRQHandler
                0x00000000080006b0                DMAMUX1_IRQHandler
                0x00000000080006b0                SPI1_IRQHandler
                0x00000000080006b0                EXTI2_3_IRQHandler
                0x00000000080006b0                ADC1_IRQHandler
                0x00000000080006b0                TIM17_IRQHandler
                0x00000000080006b0                RTC_IRQHandler
                0x00000000080006b0                TIM16_IRQHandler
                0x00000000080006b0                TIM3_IRQHandler
                0x00000000080006b0                RCC_IRQHandler
                0x00000000080006b0                DMA1_Channel1_IRQHandler
                0x00000000080006b0                Default_Handler
                0x00000000080006b0                TIM14_IRQHandler
                0x00000000080006b0                EXTI0_1_IRQHandler
                0x00000000080006b0                WWDG_IRQHandler
                0x00000000080006b0                DMA1_Channel2_3_IRQHandler
                0x00000000080006b0                USART2_IRQHandler
                0x00000000080006b0                FLASH_IRQHandler
                0x00000000080006b0                USART1_IRQHandler
                0x00000000080006b0                TIM1_BRK_UP_TRG_COM_IRQHandler
 *fill*         0x00000000080006b2        0x2 
 .text.HAL_InitTick
                0x00000000080006b4       0x50 ./Drivers/STM32C0xx_HAL_Driver/Src/stm32c0xx_hal.o
                0x00000000080006b4                HAL_InitTick
 .text.HAL_Init
                0x0000000008000704       0x18 ./Drivers/STM32C0xx_HAL_Driver/Src/stm32c0xx_hal.o
                0x0000000008000704                HAL_Init
 .text.HAL_IncTick
                0x000000000800071c       0x18 ./Drivers/STM32C0xx_HAL_Driver/Src/stm32c0xx_hal.o
                0x000000000800071c                HAL_IncTick
 .text.HAL_GetTick
                0x0000000008000734        0xc ./Drivers/STM32C0xx_HAL_Driver/Src/stm32c0xx_hal.o
                0x0000000008000734                HAL_GetTick
 .text.HAL_Delay
                0x0000000008000740       0x24 ./Drivers/STM32C0xx_HAL_Driver/Src/stm32c0xx_hal.o
                0x0000000008000740                HAL_Delay
 .text.HAL_SYSCFG_SetPinBinding
                0x0000000008000764        0xc ./Drivers/STM32C0xx_HAL_Driver/Src/stm32c0xx_hal.o
                0x0000000008000764                HAL_SYSCFG_SetPinBinding
 .text.LL_ADC_REG_IsConversionOngoing
                0x0000000008000770        0x8 ./Drivers/STM32C0xx_HAL_Driver/Src/stm32c0xx_hal_adc.o
 .text.HAL_ADC_Init
                0x0000000008000778      0x254 ./Drivers/STM32C0xx_HAL_Driver/Src/stm32c0xx_hal_adc.o
                0x0000000008000778                HAL_ADC_Init
 .text.HAL_ADC_GetValue
                0x00000000080009cc        0x6 ./Drivers/STM32C0xx_HAL_Driver/Src/stm32c0xx_hal_adc.o
                0x00000000080009cc                HAL_ADC_GetValue
 *fill*         0x00000000080009d2        0x2 
 .text.HAL_ADC_ConfigChannel
                0x00000000080009d4      0x22c ./Drivers/STM32C0xx_HAL_Driver/Src/stm32c0xx_hal_adc.o
                0x00000000080009d4                HAL_ADC_ConfigChannel
 .text.ADC_Enable
                0x0000000008000c00       0xac ./Drivers/STM32C0xx_HAL_Driver/Src/stm32c0xx_hal_adc.o
                0x0000000008000c00                ADC_Enable
 .text.HAL_ADC_Start
                0x0000000008000cac       0x5c ./Drivers/STM32C0xx_HAL_Driver/Src/stm32c0xx_hal_adc.o
                0x0000000008000cac                HAL_ADC_Start
 .text.HAL_NVIC_SetPriority
                0x0000000008000d08       0x54 ./Drivers/STM32C0xx_HAL_Driver/Src/stm32c0xx_hal_cortex.o
                0x0000000008000d08                HAL_NVIC_SetPriority
 .text.HAL_NVIC_EnableIRQ
                0x0000000008000d5c       0x18 ./Drivers/STM32C0xx_HAL_Driver/Src/stm32c0xx_hal_cortex.o
                0x0000000008000d5c                HAL_NVIC_EnableIRQ
 .text.HAL_SYSTICK_Config
                0x0000000008000d74       0x34 ./Drivers/STM32C0xx_HAL_Driver/Src/stm32c0xx_hal_cortex.o
                0x0000000008000d74                HAL_SYSTICK_Config
 .text.HAL_GPIO_Init
                0x0000000008000da8      0x164 ./Drivers/STM32C0xx_HAL_Driver/Src/stm32c0xx_hal_gpio.o
                0x0000000008000da8                HAL_GPIO_Init
 .text.HAL_GPIO_WritePin
                0x0000000008000f0c        0xc ./Drivers/STM32C0xx_HAL_Driver/Src/stm32c0xx_hal_gpio.o
                0x0000000008000f0c                HAL_GPIO_WritePin
 .text.HAL_GPIO_EXTI_Falling_Callback
                0x0000000008000f18        0x2 ./Drivers/STM32C0xx_HAL_Driver/Src/stm32c0xx_hal_gpio.o
                0x0000000008000f18                HAL_GPIO_EXTI_Falling_Callback
 *fill*         0x0000000008000f1a        0x2 
 .text.HAL_GPIO_EXTI_IRQHandler
                0x0000000008000f1c       0x28 ./Drivers/STM32C0xx_HAL_Driver/Src/stm32c0xx_hal_gpio.o
                0x0000000008000f1c                HAL_GPIO_EXTI_IRQHandler
 .text.HAL_RCC_OscConfig
                0x0000000008000f44      0x294 ./Drivers/STM32C0xx_HAL_Driver/Src/stm32c0xx_hal_rcc.o
                0x0000000008000f44                HAL_RCC_OscConfig
 .text.HAL_RCC_GetSysClockFreq
                0x00000000080011d8       0x4c ./Drivers/STM32C0xx_HAL_Driver/Src/stm32c0xx_hal_rcc.o
                0x00000000080011d8                HAL_RCC_GetSysClockFreq
 .text.HAL_RCC_ClockConfig
                0x0000000008001224      0x164 ./Drivers/STM32C0xx_HAL_Driver/Src/stm32c0xx_hal_rcc.o
                0x0000000008001224                HAL_RCC_ClockConfig
 .text.HAL_RCCEx_PeriphCLKConfig
                0x0000000008001388      0x114 ./Drivers/STM32C0xx_HAL_Driver/Src/stm32c0xx_hal_rcc_ex.o
                0x0000000008001388                HAL_RCCEx_PeriphCLKConfig
 .text.__libc_init_array
                0x000000000800149c       0x48 c:/st/stm32cubeide_1.11.2/stm32cubeide/plugins/com.st.stm32cube.ide.mcu.externaltools.gnu-tools-for-stm32.10.3-2021.10.win32_1.0.100.202210260954/tools/bin/../lib/gcc/arm-none-eabi/10.3.1/../../../../arm-none-eabi/lib/thumb/v6-m/nofp\libc_nano.a(lib_a-init.o)
                0x000000000800149c                __libc_init_array
 .text.memset   0x00000000080014e4       0x10 c:/st/stm32cubeide_1.11.2/stm32cubeide/plugins/com.st.stm32cube.ide.mcu.externaltools.gnu-tools-for-stm32.10.3-2021.10.win32_1.0.100.202210260954/tools/bin/../lib/gcc/arm-none-eabi/10.3.1/../../../../arm-none-eabi/lib/thumb/v6-m/nofp\libc_nano.a(lib_a-memset.o)
                0x00000000080014e4                memset
 *(.glue_7)
 .glue_7        0x00000000080014f4        0x0 linker stubs
 *(.glue_7t)
 .glue_7t       0x00000000080014f4        0x0 linker stubs
 *(.eh_frame)
 .eh_frame      0x00000000080014f4        0x0 c:/st/stm32cubeide_1.11.2/stm32cubeide/plugins/com.st.stm32cube.ide.mcu.externaltools.gnu-tools-for-stm32.10.3-2021.10.win32_1.0.100.202210260954/tools/bin/../lib/gcc/arm-none-eabi/10.3.1/thumb/v6-m/nofp/crtbegin.o
 *(.init)
 .init          0x00000000080014f4        0x4 c:/st/stm32cubeide_1.11.2/stm32cubeide/plugins/com.st.stm32cube.ide.mcu.externaltools.gnu-tools-for-stm32.10.3-2021.10.win32_1.0.100.202210260954/tools/bin/../lib/gcc/arm-none-eabi/10.3.1/thumb/v6-m/nofp/crti.o
                0x00000000080014f4                _init
 .init          0x00000000080014f8        0x8 c:/st/stm32cubeide_1.11.2/stm32cubeide/plugins/com.st.stm32cube.ide.mcu.externaltools.gnu-tools-for-stm32.10.3-2021.10.win32_1.0.100.202210260954/tools/bin/../lib/gcc/arm-none-eabi/10.3.1/thumb/v6-m/nofp/crtn.o
 *(.fini)
 .fini          0x0000000008001500        0x4 c:/st/stm32cubeide_1.11.2/stm32cubeide/plugins/com.st.stm32cube.ide.mcu.externaltools.gnu-tools-for-stm32.10.3-2021.10.win32_1.0.100.202210260954/tools/bin/../lib/gcc/arm-none-eabi/10.3.1/thumb/v6-m/nofp/crti.o
                0x0000000008001500                _fini
 .fini          0x0000000008001504        0x8 c:/st/stm32cubeide_1.11.2/stm32cubeide/plugins/com.st.stm32cube.ide.mcu.externaltools.gnu-tools-for-stm32.10.3-2021.10.win32_1.0.100.202210260954/tools/bin/../lib/gcc/arm-none-eabi/10.3.1/thumb/v6-m/nofp/crtn.o
                0x000000000800150c                . = ALIGN (0x4)
                0x000000000800150c                _etext = .

.vfp11_veneer   0x000000000800150c        0x0
 .vfp11_veneer  0x000000000800150c        0x0 linker stubs

.v4_bx          0x000000000800150c        0x0
 .v4_bx         0x000000000800150c        0x0 linker stubs

.iplt           0x000000000800150c        0x0
 .iplt          0x000000000800150c        0x0 c:/st/stm32cubeide_1.11.2/stm32cubeide/plugins/com.st.stm32cube.ide.mcu.externaltools.gnu-tools-for-stm32.10.3-2021.10.win32_1.0.100.202210260954/tools/bin/../lib/gcc/arm-none-eabi/10.3.1/thumb/v6-m/nofp/crtbegin.o

.rodata         0x000000000800150c       0x40
                0x000000000800150c                . = ALIGN (0x4)
 *(.rodata)
 *(.rodata*)
 .rodata.AHBPrescTable
                0x000000000800150c       0x40 ./Core/Src/system_stm32c0xx.o
                0x000000000800150c                AHBPrescTable
                0x000000000800154c                . = ALIGN (0x4)

.rel.dyn        0x000000000800154c        0x0
 .rel.iplt      0x000000000800154c        0x0 c:/st/stm32cubeide_1.11.2/stm32cubeide/plugins/com.st.stm32cube.ide.mcu.externaltools.gnu-tools-for-stm32.10.3-2021.10.win32_1.0.100.202210260954/tools/bin/../lib/gcc/arm-none-eabi/10.3.1/thumb/v6-m/nofp/crtbegin.o

.ARM.extab      0x000000000800154c        0x0
                0x000000000800154c                . = ALIGN (0x4)
 *(.ARM.extab* .gnu.linkonce.armextab.*)
                0x000000000800154c                . = ALIGN (0x4)

.ARM            0x000000000800154c        0x0
                0x000000000800154c                . = ALIGN (0x4)
                0x000000000800154c                __exidx_start = .
 *(.ARM.exidx*)
                0x000000000800154c                __exidx_end = .
                0x000000000800154c                . = ALIGN (0x4)

.preinit_array  0x000000000800154c        0x0
                0x000000000800154c                . = ALIGN (0x4)
                0x000000000800154c                PROVIDE (__preinit_array_start = .)
 *(.preinit_array*)
                0x000000000800154c                PROVIDE (__preinit_array_end = .)
                0x000000000800154c                . = ALIGN (0x4)

.init_array     0x000000000800154c        0x4
                0x000000000800154c                . = ALIGN (0x4)
                0x000000000800154c                PROVIDE (__init_array_start = .)
 *(SORT_BY_NAME(.init_array.*))
 *(.init_array*)
 .init_array    0x000000000800154c        0x4 c:/st/stm32cubeide_1.11.2/stm32cubeide/plugins/com.st.stm32cube.ide.mcu.externaltools.gnu-tools-for-stm32.10.3-2021.10.win32_1.0.100.202210260954/tools/bin/../lib/gcc/arm-none-eabi/10.3.1/thumb/v6-m/nofp/crtbegin.o
                0x0000000008001550                PROVIDE (__init_array_end = .)
                0x0000000008001550                . = ALIGN (0x4)

.fini_array     0x0000000008001550        0x4
                0x0000000008001550                . = ALIGN (0x4)
                [!provide]                        PROVIDE (__fini_array_start = .)
 *(SORT_BY_NAME(.fini_array.*))
 *(.fini_array*)
 .fini_array    0x0000000008001550        0x4 c:/st/stm32cubeide_1.11.2/stm32cubeide/plugins/com.st.stm32cube.ide.mcu.externaltools.gnu-tools-for-stm32.10.3-2021.10.win32_1.0.100.202210260954/tools/bin/../lib/gcc/arm-none-eabi/10.3.1/thumb/v6-m/nofp/crtbegin.o
                [!provide]                        PROVIDE (__fini_array_end = .)
                0x0000000008001554                . = ALIGN (0x4)
                0x0000000008001554                _sidata = LOADADDR (.data)

.data           0x0000000020000000        0xc load address 0x0000000008001554
                0x0000000020000000                . = ALIGN (0x4)
                0x0000000020000000                _sdata = .
 *(.data)
 *(.data*)
 .data.SystemCoreClock
                0x0000000020000000        0x4 ./Core/Src/system_stm32c0xx.o
                0x0000000020000000                SystemCoreClock
 .data.uwTickFreq
                0x0000000020000004        0x4 ./Drivers/STM32C0xx_HAL_Driver/Src/stm32c0xx_hal.o
                0x0000000020000004                uwTickFreq
 .data.uwTickPrio
                0x0000000020000008        0x4 ./Drivers/STM32C0xx_HAL_Driver/Src/stm32c0xx_hal.o
                0x0000000020000008                uwTickPrio
 *(.RamFunc)
 *(.RamFunc*)
                0x000000002000000c                . = ALIGN (0x4)
                0x000000002000000c                _edata = .

.igot.plt       0x000000002000000c        0x0 load address 0x0000000008001560
 .igot.plt      0x000000002000000c        0x0 c:/st/stm32cubeide_1.11.2/stm32cubeide/plugins/com.st.stm32cube.ide.mcu.externaltools.gnu-tools-for-stm32.10.3-2021.10.win32_1.0.100.202210260954/tools/bin/../lib/gcc/arm-none-eabi/10.3.1/thumb/v6-m/nofp/crtbegin.o
                0x000000002000000c                . = ALIGN (0x4)

.bss            0x000000002000000c       0x88 load address 0x0000000008001560
                0x000000002000000c                _sbss = .
                0x000000002000000c                __bss_start__ = _sbss
 *(.bss)
 .bss           0x000000002000000c       0x1c c:/st/stm32cubeide_1.11.2/stm32cubeide/plugins/com.st.stm32cube.ide.mcu.externaltools.gnu-tools-for-stm32.10.3-2021.10.win32_1.0.100.202210260954/tools/bin/../lib/gcc/arm-none-eabi/10.3.1/thumb/v6-m/nofp/crtbegin.o
 *(.bss*)
 .bss.flag      0x0000000020000028        0x1 ./Core/Src/main.o
                0x0000000020000028                flag
 *fill*         0x0000000020000029        0x3 
 .bss.hadc1     0x000000002000002c       0x64 ./Core/Src/main.o
                0x000000002000002c                hadc1
 .bss.uwTick    0x0000000020000090        0x4 ./Drivers/STM32C0xx_HAL_Driver/Src/stm32c0xx_hal.o
                0x0000000020000090                uwTick
 *(COMMON)
                0x0000000020000094                . = ALIGN (0x4)
                0x0000000020000094                _ebss = .
                0x0000000020000094                __bss_end__ = _ebss

._user_heap_stack
                0x0000000020000094      0x604 load address 0x0000000008001560
                0x0000000020000098                . = ALIGN (0x8)
 *fill*         0x0000000020000094        0x4 
                [!provide]                        PROVIDE (end = .)
                0x0000000020000098                PROVIDE (_end = .)
                0x0000000020000298                . = (. + _Min_Heap_Size)
 *fill*         0x0000000020000098      0x200 
                0x0000000020000698                . = (. + _Min_Stack_Size)
 *fill*         0x0000000020000298      0x400 
                0x0000000020000698                . = ALIGN (0x8)

/DISCARD/
 libc.a(*)
 libm.a(*)
 libgcc.a(*)

.ARM.attributes
                0x0000000000000000       0x28
 *(.ARM.attributes)
 .ARM.attributes
                0x0000000000000000       0x1e c:/st/stm32cubeide_1.11.2/stm32cubeide/plugins/com.st.stm32cube.ide.mcu.externaltools.gnu-tools-for-stm32.10.3-2021.10.win32_1.0.100.202210260954/tools/bin/../lib/gcc/arm-none-eabi/10.3.1/thumb/v6-m/nofp/crti.o
 .ARM.attributes
                0x000000000000001e       0x2c c:/st/stm32cubeide_1.11.2/stm32cubeide/plugins/com.st.stm32cube.ide.mcu.externaltools.gnu-tools-for-stm32.10.3-2021.10.win32_1.0.100.202210260954/tools/bin/../lib/gcc/arm-none-eabi/10.3.1/thumb/v6-m/nofp/crtbegin.o
 .ARM.attributes
                0x000000000000004a       0x2c ./Core/Src/dice.o
 .ARM.attributes
                0x0000000000000076       0x2c ./Core/Src/main.o
 .ARM.attributes
                0x00000000000000a2       0x2c ./Core/Src/stm32c0xx_hal_msp.o
 .ARM.attributes
                0x00000000000000ce       0x2c ./Core/Src/stm32c0xx_it.o
 .ARM.attributes
                0x00000000000000fa       0x2c ./Core/Src/system_stm32c0xx.o
 .ARM.attributes
                0x0000000000000126       0x22 ./Core/Startup/startup_stm32c011j4mx.o
 .ARM.attributes
                0x0000000000000148       0x2c ./Drivers/STM32C0xx_HAL_Driver/Src/stm32c0xx_hal.o
 .ARM.attributes
                0x0000000000000174       0x2c ./Drivers/STM32C0xx_HAL_Driver/Src/stm32c0xx_hal_adc.o
 .ARM.attributes
                0x00000000000001a0       0x2c ./Drivers/STM32C0xx_HAL_Driver/Src/stm32c0xx_hal_cortex.o
 .ARM.attributes
                0x00000000000001cc       0x2c ./Drivers/STM32C0xx_HAL_Driver/Src/stm32c0xx_hal_gpio.o
 .ARM.attributes
                0x00000000000001f8       0x2c ./Drivers/STM32C0xx_HAL_Driver/Src/stm32c0xx_hal_rcc.o
 .ARM.attributes
                0x0000000000000224       0x2c ./Drivers/STM32C0xx_HAL_Driver/Src/stm32c0xx_hal_rcc_ex.o
 .ARM.attributes
                0x0000000000000250       0x2c c:/st/stm32cubeide_1.11.2/stm32cubeide/plugins/com.st.stm32cube.ide.mcu.externaltools.gnu-tools-for-stm32.10.3-2021.10.win32_1.0.100.202210260954/tools/bin/../lib/gcc/arm-none-eabi/10.3.1/../../../../arm-none-eabi/lib/thumb/v6-m/nofp\libc_nano.a(lib_a-init.o)
 .ARM.attributes
                0x000000000000027c       0x2c c:/st/stm32cubeide_1.11.2/stm32cubeide/plugins/com.st.stm32cube.ide.mcu.externaltools.gnu-tools-for-stm32.10.3-2021.10.win32_1.0.100.202210260954/tools/bin/../lib/gcc/arm-none-eabi/10.3.1/../../../../arm-none-eabi/lib/thumb/v6-m/nofp\libc_nano.a(lib_a-memset.o)
 .ARM.attributes
                0x00000000000002a8       0x1e c:/st/stm32cubeide_1.11.2/stm32cubeide/plugins/com.st.stm32cube.ide.mcu.externaltools.gnu-tools-for-stm32.10.3-2021.10.win32_1.0.100.202210260954/tools/bin/../lib/gcc/arm-none-eabi/10.3.1/thumb/v6-m/nofp\libgcc.a(_thumb1_case_uqi.o)
 .ARM.attributes
                0x00000000000002c6       0x1e c:/st/stm32cubeide_1.11.2/stm32cubeide/plugins/com.st.stm32cube.ide.mcu.externaltools.gnu-tools-for-stm32.10.3-2021.10.win32_1.0.100.202210260954/tools/bin/../lib/gcc/arm-none-eabi/10.3.1/thumb/v6-m/nofp\libgcc.a(_udivsi3.o)
 .ARM.attributes
                0x00000000000002e4       0x1e c:/st/stm32cubeide_1.11.2/stm32cubeide/plugins/com.st.stm32cube.ide.mcu.externaltools.gnu-tools-for-stm32.10.3-2021.10.win32_1.0.100.202210260954/tools/bin/../lib/gcc/arm-none-eabi/10.3.1/thumb/v6-m/nofp\libgcc.a(_dvmd_tls.o)
 .ARM.attributes
                0x0000000000000302       0x1e c:/st/stm32cubeide_1.11.2/stm32cubeide/plugins/com.st.stm32cube.ide.mcu.externaltools.gnu-tools-for-stm32.10.3-2021.10.win32_1.0.100.202210260954/tools/bin/../lib/gcc/arm-none-eabi/10.3.1/thumb/v6-m/nofp/crtn.o
OUTPUT(led_dice_stm.elf elf32-littlearm)
LOAD linker stubs
LOAD c:/st/stm32cubeide_1.11.2/stm32cubeide/plugins/com.st.stm32cube.ide.mcu.externaltools.gnu-tools-for-stm32.10.3-2021.10.win32_1.0.100.202210260954/tools/bin/../lib/gcc/arm-none-eabi/10.3.1/../../../../arm-none-eabi/lib/thumb/v6-m/nofp\libc.a
LOAD c:/st/stm32cubeide_1.11.2/stm32cubeide/plugins/com.st.stm32cube.ide.mcu.externaltools.gnu-tools-for-stm32.10.3-2021.10.win32_1.0.100.202210260954/tools/bin/../lib/gcc/arm-none-eabi/10.3.1/../../../../arm-none-eabi/lib/thumb/v6-m/nofp\libm.a
LOAD c:/st/stm32cubeide_1.11.2/stm32cubeide/plugins/com.st.stm32cube.ide.mcu.externaltools.gnu-tools-for-stm32.10.3-2021.10.win32_1.0.100.202210260954/tools/bin/../lib/gcc/arm-none-eabi/10.3.1/thumb/v6-m/nofp\libgcc.a

.comment        0x0000000000000000       0x50
 .comment       0x0000000000000000       0x50 ./Core/Src/dice.o
                                         0x51 (size before relaxing)
 .comment       0x0000000000000050       0x51 ./Core/Src/main.o
 .comment       0x0000000000000050       0x51 ./Core/Src/stm32c0xx_hal_msp.o
 .comment       0x0000000000000050       0x51 ./Core/Src/stm32c0xx_it.o
 .comment       0x0000000000000050       0x51 ./Core/Src/system_stm32c0xx.o
 .comment       0x0000000000000050       0x51 ./Drivers/STM32C0xx_HAL_Driver/Src/stm32c0xx_hal.o
 .comment       0x0000000000000050       0x51 ./Drivers/STM32C0xx_HAL_Driver/Src/stm32c0xx_hal_adc.o
 .comment       0x0000000000000050       0x51 ./Drivers/STM32C0xx_HAL_Driver/Src/stm32c0xx_hal_cortex.o
 .comment       0x0000000000000050       0x51 ./Drivers/STM32C0xx_HAL_Driver/Src/stm32c0xx_hal_gpio.o
 .comment       0x0000000000000050       0x51 ./Drivers/STM32C0xx_HAL_Driver/Src/stm32c0xx_hal_rcc.o
 .comment       0x0000000000000050       0x51 ./Drivers/STM32C0xx_HAL_Driver/Src/stm32c0xx_hal_rcc_ex.o

.debug_frame    0x0000000000000000       0x6c
 .debug_frame   0x0000000000000000       0x2c c:/st/stm32cubeide_1.11.2/stm32cubeide/plugins/com.st.stm32cube.ide.mcu.externaltools.gnu-tools-for-stm32.10.3-2021.10.win32_1.0.100.202210260954/tools/bin/../lib/gcc/arm-none-eabi/10.3.1/../../../../arm-none-eabi/lib/thumb/v6-m/nofp\libc_nano.a(lib_a-init.o)
 .debug_frame   0x000000000000002c       0x20 c:/st/stm32cubeide_1.11.2/stm32cubeide/plugins/com.st.stm32cube.ide.mcu.externaltools.gnu-tools-for-stm32.10.3-2021.10.win32_1.0.100.202210260954/tools/bin/../lib/gcc/arm-none-eabi/10.3.1/../../../../arm-none-eabi/lib/thumb/v6-m/nofp\libc_nano.a(lib_a-memset.o)
 .debug_frame   0x000000000000004c       0x20 c:/st/stm32cubeide_1.11.2/stm32cubeide/plugins/com.st.stm32cube.ide.mcu.externaltools.gnu-tools-for-stm32.10.3-2021.10.win32_1.0.100.202210260954/tools/bin/../lib/gcc/arm-none-eabi/10.3.1/thumb/v6-m/nofp\libgcc.a(_udivsi3.o)
